[317月2026 06:59:59.691] [main/INFO] [cpw.mods.modlauncher.Launcher/MODLAUNCHER]: ModLauncher running: args [--launchTarget, neoforgeclientdev, --version, 21.5.98, --assetIndex, 24, --assetsDir, C:\\Users\\owner\\.gradle\\caches\\neoformruntime\\assets, --fml.fmlVersion, 7.0.13, --fml.mcVersion, 1.21.5, --fml.neoForgeVersion, 21.5.98, --fml.neoFormVersion, 20250325.162830]
[317月2026 06:59:59.702] [main/INFO] [cpw.mods.modlauncher.Launcher/MODLAUNCHER]: JVM identified as Oracle Corporation Java HotSpot(TM) 64-Bit Server VM 21.0.11+9-LTS-211
[317月2026 06:59:59.705] [main/INFO] [cpw.mods.modlauncher.Launcher/MODLAUNCHER]: ModLauncher 11.0.4+main.d2e20e43 starting: java version 21.0.11 by Oracle Corporation; OS Windows 11 arch amd64 version 10.0
[317月2026 06:59:59.969] [main/INFO] [net.neoforged.fml.loading.ImmediateWindowHandler/]: Loading ImmediateWindowProvider fmlearlywindow
[317月2026 07:00:00.703] [main/INFO] [mixin/]: SpongePowered MIXIN Subsystem Version=0.8.7 Source=union:/C:/Users/owner/.gradle/caches/modules-2/files-2.1/net.fabricmc/sponge-mixin/0.15.2+mixin.0.8.7/2af2f021d8e02a0220dc27a7a72b4666d66d44ca/sponge-mixin-0.15.2+mixin.0.8.7.jar%23162!/ Service=ModLauncher Env=CLIENT
[317月2026 07:00:01.004] [pool-2-thread-1/INFO] [EARLYDISPLAY/]: GL info: NVIDIA GeForce GTX 1660 SUPER/PCIe/SSE2 GL version 3.2.0 NVIDIA 581.57, NVIDIA Corporation
[317月2026 07:00:01.394] [main/INFO] [net.neoforged.fml.loading.moddiscovery.locators.JarInJarDependencyLocator/]: Found 2 dependencies adding them to mods collection
[317月2026 07:00:01.396] [main/INFO] [net.neoforged.fml.loading.moddiscovery.ModDiscoverer/]: 
     Mod List:
		Name Version (Mod Id)

		Minecraft 1.21.5 (minecraft)
		NeoForge 21.5.98 (neoforge)
		PrivateDimension 1.0.0 (privatedimension)
[317月2026 07:00:03.165] [main/INFO] [cpw.mods.modlauncher.LaunchServiceHandler/MODLAUNCHER]: Launching target 'neoforgeclientdev' with arguments [--version, 21.5.98, --assetsDir, C:\Users\owner\.gradle\caches\neoformruntime\assets, --assetIndex, 24]
[317月2026 07:00:06.728] [pool-7-thread-1/INFO] [MixinExtras|Service/]: Initializing MixinExtras via com.llamalad7.mixinextras.service.MixinExtrasServiceImpl(version=0.5.3).
[317月2026 07:00:08.722] [Datafixer Bootstrap/INFO] [com.mojang.datafixers.DataFixerBuilder/]: 266 Datafixer optimizations took 3176 milliseconds
[317月2026 07:00:16.363] [main/WARN] [net.minecraft.commands.Commands/]: Ambiguity between arguments [teleport, location] and [teleport, destination] with inputs: [0.1 -0.5 .9, 0 0 0]
[317月2026 07:00:16.367] [main/WARN] [net.minecraft.commands.Commands/]: Ambiguity between arguments [teleport, location] and [teleport, targets] with inputs: [0.1 -0.5 .9, 0 0 0]
[317月2026 07:00:16.371] [main/WARN] [net.minecraft.commands.Commands/]: Ambiguity between arguments [teleport, destination] and [teleport, targets] with inputs: [Player, 0123, @e, dd12be42-52a9-4a91-a8a1-11c01849e498]
[317月2026 07:00:16.374] [main/WARN] [net.minecraft.commands.Commands/]: Ambiguity between arguments [teleport, targets] and [teleport, destination] with inputs: [Player, 0123, dd12be42-52a9-4a91-a8a1-11c01849e498]
[317月2026 07:00:16.375] [main/WARN] [net.minecraft.commands.Commands/]: Ambiguity between arguments [teleport, targets, location] and [teleport, targets, destination] with inputs: [0.1 -0.5 .9, 0 0 0]
[317月2026 07:00:16.476] [modloading-worker-0/INFO] [privatedimension/]: PrivateDimension Mod が有効化されました！
[317月2026 07:00:16.495] [modloading-worker-0/INFO] [net.neoforged.neoforge.common.NeoForgeMod/NEOFORGE-MOD]: NeoForge mod loading, version 21.5.98, for MC 1.21.5
[317月2026 07:00:16.515] [modloading-worker-0/INFO] [privatedimension/]: PrivateDimension (NeoForge 1.21.5) 初期化完了
[317月2026 07:00:17.217] [Render thread/WARN] [net.minecraft.server.packs.VanillaPackResourcesBuilder/]: Assets URL 'union:/C:/Users/owner/IdeaProjects/PrivateDimention_mod/neoforge-1215/build/moddev/artifacts/neoforge-21.5.98.jar%23215!/assets/.mcassetsroot' uses unexpected schema
[317月2026 07:00:17.219] [Render thread/WARN] [net.minecraft.server.packs.VanillaPackResourcesBuilder/]: Assets URL 'union:/C:/Users/owner/IdeaProjects/PrivateDimention_mod/neoforge-1215/build/moddev/artifacts/neoforge-21.5.98.jar%23215!/data/.mcassetsroot' uses unexpected schema
[317月2026 07:00:17.265] [Render thread/INFO] [com.mojang.authlib.yggdrasil.YggdrasilAuthenticationService/]: Environment: Environment[sessionHost=https://sessionserver.mojang.com, servicesHost=https://api.minecraftservices.com, name=PROD]
[317月2026 07:00:17.280] [Render thread/INFO] [net.minecraft.client.Minecraft/]: Setting user: Dev
[317月2026 07:00:17.458] [Render thread/INFO] [net.minecraft.client.Minecraft/]: Backend library: LWJGL version 3.3.3+5
[317月2026 07:00:17.724] [Render thread/INFO] [net.minecraft.client.Minecraft/]: Using optional rendering extensions: GL_KHR_debug, GL_ARB_vertex_attrib_binding, GL_ARB_direct_state_access
[317月2026 07:00:19.112] [Render thread/INFO] [net.minecraft.server.packs.resources.ReloadableResourceManager/]: Reloading ResourceManager: vanilla, mod_resources, mod/privatedimension, mod/neoforge
[317月2026 07:00:19.132] [Download-1/INFO] [com.mojang.realmsclient.client.RealmsClient/]: Could not authorize you against Realms server: java.lang.RuntimeException: Failed to parse into SignedJWT: 0
[317月2026 07:00:19.135] [Download-1/ERROR] [com.mojang.realmsclient.client.RealmsClient/]: Failed to fetch Realms feature flags
com.mojang.realmsclient.exception.RealmsServiceException: Realms authentication error with message 'java.lang.RuntimeException: Failed to parse into SignedJWT: 0'
	at TRANSFORMER/minecraft@1.21.5/com.mojang.realmsclient.client.RealmsClient.execute(RealmsClient.java:469) ~[neoforge-21.5.98.jar%23215!/:?]
	at TRANSFORMER/minecraft@1.21.5/com.mojang.realmsclient.client.RealmsClient.fetchFeatureFlags(RealmsClient.java:151) ~[neoforge-21.5.98.jar%23215!/:?]
	at java.base/java.util.concurrent.CompletableFuture$AsyncSupply.run(CompletableFuture.java:1768) ~[?:?]
	at java.base/java.util.concurrent.ThreadPoolExecutor.runWorker(ThreadPoolExecutor.java:1144) ~[?:?]
	at java.base/java.util.concurrent.ThreadPoolExecutor$Worker.run(ThreadPoolExecutor.java:642) ~[?:?]
	at java.base/java.lang.Thread.run(Thread.java:1583) [?:?]
[317月2026 07:00:19.288] [resourceLoad/INFO] [net.minecraft.client.gui.font.providers.UnihexProvider/]: Found unifont_all_no_pua-16.0.01.hex, loading
[317月2026 07:00:19.288] [resourceLoad/INFO] [net.minecraft.client.gui.font.providers.UnihexProvider/]: Found unifont_jp_patch-16.0.01.hex, loading
[317月2026 07:00:21.574] [Render thread/WARN] [com.mojang.blaze3d.opengl.GlProgram/]: minecraft:pipeline/entity_translucent_emissive shader program does not use sampler Sampler2 defined in the pipeline. This might be a bug.
[317月2026 07:00:21.681] [Render thread/INFO] [com.mojang.blaze3d.audio.Library/]: OpenAL initialized on device OpenAL Soft on スピーカー (Realtek High Definition Audio)
[317月2026 07:00:21.682] [Render thread/INFO] [net.minecraft.client.sounds.SoundEngine/SOUNDS]: Sound engine started
[317月2026 07:00:21.957] [Render thread/INFO] [net.minecraft.client.renderer.texture.TextureAtlas/]: Created: 1024x512x4 minecraft:textures/atlas/blocks.png-atlas
[317月2026 07:00:21.977] [Render thread/INFO] [net.minecraft.client.renderer.texture.TextureAtlas/]: Created: 256x256x4 minecraft:textures/atlas/signs.png-atlas
[317月2026 07:00:21.979] [Render thread/INFO] [net.minecraft.client.renderer.texture.TextureAtlas/]: Created: 512x512x4 minecraft:textures/atlas/shield_patterns.png-atlas
[317月2026 07:00:21.981] [Render thread/INFO] [net.minecraft.client.renderer.texture.TextureAtlas/]: Created: 512x512x4 minecraft:textures/atlas/banner_patterns.png-atlas
[317月2026 07:00:21.983] [Render thread/INFO] [net.minecraft.client.renderer.texture.TextureAtlas/]: Created: 2048x1024x4 minecraft:textures/atlas/armor_trims.png-atlas
[317月2026 07:00:21.995] [Render thread/INFO] [net.minecraft.client.renderer.texture.TextureAtlas/]: Created: 256x256x4 minecraft:textures/atlas/chest.png-atlas
[317月2026 07:00:21.996] [Render thread/INFO] [net.minecraft.client.renderer.texture.TextureAtlas/]: Created: 128x64x4 minecraft:textures/atlas/decorated_pot.png-atlas
[317月2026 07:00:21.997] [Render thread/INFO] [net.minecraft.client.renderer.texture.TextureAtlas/]: Created: 512x256x4 minecraft:textures/atlas/beds.png-atlas
[317月2026 07:00:21.997] [Render thread/INFO] [net.minecraft.client.renderer.texture.TextureAtlas/]: Created: 512x256x4 minecraft:textures/atlas/shulker_boxes.png-atlas
[317月2026 07:00:22.002] [Render thread/INFO] [net.minecraft.client.renderer.texture.TextureAtlas/]: Created: 64x64x0 minecraft:textures/atlas/map_decorations.png-atlas
[317月2026 07:00:22.301] [Render thread/INFO] [net.minecraft.client.renderer.texture.TextureAtlas/]: Created: 512x256x0 minecraft:textures/atlas/particles.png-atlas
[317月2026 07:00:22.303] [Render thread/INFO] [net.minecraft.client.renderer.texture.TextureAtlas/]: Created: 512x256x0 minecraft:textures/atlas/paintings.png-atlas
[317月2026 07:00:22.304] [Render thread/INFO] [net.minecraft.client.renderer.texture.TextureAtlas/]: Created: 256x128x0 minecraft:textures/atlas/mob_effects.png-atlas
[317月2026 07:00:22.305] [Render thread/INFO] [net.minecraft.client.renderer.texture.TextureAtlas/]: Created: 1024x512x0 minecraft:textures/atlas/gui.png-atlas
[317月2026 07:00:22.312] [Render thread/INFO] [net.neoforged.neoforge.client.entity.animation.json.AnimationLoader/]: Loaded 0 entity animations
[317月2026 07:00:35.171] [Render thread/INFO] [net.minecraft.world.item.crafting.RecipeManager/]: Loaded 1374 recipes
[317月2026 07:00:35.197] [Render thread/INFO] [net.minecraft.advancements.AdvancementTree/]: Loaded 1485 advancements
[317月2026 07:00:35.199] [Render thread/INFO] [net.neoforged.neoforge.common.crafting.RecipePriorityManager/]: Loaded 0 recipe priority overrides
[317月2026 07:00:35.463] [Server thread/INFO] [net.minecraft.client.server.IntegratedServer/]: Starting integrated minecraft server version 1.21.5
[317月2026 07:00:35.464] [Server thread/INFO] [net.minecraft.server.MinecraftServer/]: Generating keypair
[317月2026 07:00:36.023] [Server thread/INFO] [net.minecraft.server.MinecraftServer/]: Preparing start region for dimension minecraft:overworld
[317月2026 07:00:37.119] [progressListener/INFO] [net.minecraft.server.level.progress.LoggerChunkProgressListener/]: Preparing spawn area: 0%
[317月2026 07:00:37.119] [progressListener/INFO] [net.minecraft.server.level.progress.LoggerChunkProgressListener/]: Preparing spawn area: 0%
[317月2026 07:00:37.119] [progressListener/INFO] [net.minecraft.server.level.progress.LoggerChunkProgressListener/]: Preparing spawn area: 0%
[317月2026 07:00:37.329] [Server thread/INFO] [net.neoforged.neoforge.server.permission.PermissionAPI/]: Successfully initialized permission handler neoforge:default_handler
[317月2026 07:00:37.331] [progressListener/INFO] [net.minecraft.server.level.progress.LoggerChunkProgressListener/]: Time elapsed: 1307 ms
[317月2026 07:00:37.332] [Server thread/INFO] [privatedimension/]: プライベート次元ワールドを確認しました: privatedimension:private_dimension
[317月2026 07:00:37.494] [Server thread/INFO] [net.minecraft.client.server.IntegratedServer/]: Changing view distance to 12, from 10
[317月2026 07:00:37.494] [Server thread/INFO] [net.minecraft.client.server.IntegratedServer/]: Changing simulation distance to 12, from 0
[317月2026 07:00:38.756] [Server thread/INFO] [net.minecraft.server.players.PlayerList/]: Dev[local:E:a43f7baf] logged in with entity id 95 at (-1.8968871124282514, 68.0, 0.3907085629733819)
[317月2026 07:00:38.836] [Server thread/INFO] [net.minecraft.server.MinecraftServer/]: Dev joined the game
[317月2026 07:00:39.098] [Render thread/INFO] [net.minecraft.advancements.AdvancementTree/]: Loaded 24 advancements
[317月2026 07:00:51.134] [Server thread/INFO] [privatedimension/]: TeleportTransition API: class=net.minecraft.world.level.portal.TeleportTransition, ctor=6params, method=teleport
[317月2026 07:01:07.685] [Server thread/INFO] [net.minecraft.client.server.IntegratedServer/]: Saving and pausing game...
[317月2026 07:01:07.713] [Server thread/INFO] [net.minecraft.server.MinecraftServer/]: Saving chunks for level 'ServerLevel[New World]'/minecraft:overworld
[317月2026 07:01:07.738] [Server thread/INFO] [net.minecraft.server.MinecraftServer/]: Saving chunks for level 'ServerLevel[New World]'/privatedimension:private_dimension
[317月2026 07:01:07.742] [Server thread/INFO] [net.minecraft.server.MinecraftServer/]: Saving chunks for level 'ServerLevel[New World]'/minecraft:the_nether
[317月2026 07:01:07.744] [Server thread/INFO] [net.minecraft.server.MinecraftServer/]: Saving chunks for level 'ServerLevel[New World]'/minecraft:the_end
[317月2026 07:01:08.190] [Server thread/INFO] [net.minecraft.server.network.ServerGamePacketListenerImpl/]: Dev lost connection: Disconnected
[317月2026 07:01:08.190] [Server thread/INFO] [net.minecraft.server.MinecraftServer/]: Dev left the game
[317月2026 07:01:08.209] [Server thread/INFO] [net.minecraft.server.network.ServerCommonPacketListenerImpl/]: Stopping singleplayer server as player logged out
[317月2026 07:01:08.237] [Server thread/INFO] [net.minecraft.server.MinecraftServer/]: Stopping server
[317月2026 07:01:08.238] [Server thread/INFO] [net.minecraft.server.MinecraftServer/]: Saving players
[317月2026 07:01:08.238] [Server thread/INFO] [net.minecraft.server.MinecraftServer/]: Saving worlds
[317月2026 07:01:08.381] [Server thread/INFO] [net.minecraft.server.MinecraftServer/]: Saving chunks for level 'ServerLevel[New World]'/minecraft:overworld
[317月2026 07:01:08.453] [Server thread/INFO] [net.minecraft.server.MinecraftServer/]: Saving chunks for level 'ServerLevel[New World]'/privatedimension:private_dimension
[317月2026 07:01:08.473] [Server thread/INFO] [net.minecraft.server.MinecraftServer/]: Saving chunks for level 'ServerLevel[New World]'/minecraft:the_nether
[317月2026 07:01:08.482] [Server thread/INFO] [net.minecraft.server.MinecraftServer/]: Saving chunks for level 'ServerLevel[New World]'/minecraft:the_end
[317月2026 07:01:08.505] [Server thread/INFO] [net.minecraft.server.MinecraftServer/]: ThreadedAnvilChunkStorage (New World): All chunks are saved
[317月2026 07:01:08.505] [Server thread/INFO] [net.minecraft.server.MinecraftServer/]: ThreadedAnvilChunkStorage (private_dimension): All chunks are saved
[317月2026 07:01:08.506] [Server thread/INFO] [net.minecraft.server.MinecraftServer/]: ThreadedAnvilChunkStorage (DIM-1): All chunks are saved
[317月2026 07:01:08.506] [Server thread/INFO] [net.minecraft.server.MinecraftServer/]: ThreadedAnvilChunkStorage (DIM1): All chunks are saved
[317月2026 07:01:08.506] [Server thread/INFO] [net.minecraft.server.MinecraftServer/]: ThreadedAnvilChunkStorage: All dimensions are saved
[317月2026 07:01:09.095] [Render thread/INFO] [net.minecraft.client.Minecraft/]: Stopping!
