[317月2026 05:54:45.431] [main/INFO] [net.neoforged.fml.startup.Entrypoint/]: JVM Uptime at startup: 321ms
[317月2026 05:54:45.464] [main/INFO] [net.neoforged.fml.loading.FMLLoader/]: Starting FancyModLoader version 10.0.14 (CLIENT in DEV)
[317月2026 05:54:45.464] [main/INFO] [net.neoforged.fml.loading.FMLLoader/]: Game directory: C:\Users\owner\IdeaProjects\PrivateDimention_mod\neoforge-1219\run
[317月2026 05:54:45.558] [main/INFO] [net.neoforged.fml.loading.EarlyServiceDiscovery/]: Found 0 early service jars (out of 0) in 7ms
[317月2026 05:54:45.561] [main/INFO] [net.neoforged.fml.loading.ImmediateWindowHandler/]: Loading ImmediateWindowProvider fmlearlywindow
[317月2026 05:54:46.727] [ForkJoinPool.commonPool-worker-1/INFO] [net.neoforged.fml.loading.moddiscovery.locators.GameLocator/]: Detected a joined NeoForge and Minecraft configuration. Applying filtering...
[317月2026 05:54:46.940] [ForkJoinPool.commonPool-worker-1/INFO] [net.neoforged.fml.loading.moddiscovery.locators.InDevFolderLocator/CORE]: Got mod coordinates privatedimension%%C:\Users\owner\IdeaProjects\PrivateDimention_mod\neoforge-1219\build\classes\java\main;privatedimension%%C:\Users\owner\IdeaProjects\PrivateDimention_mod\neoforge-1219\build\resources\main from env
[317月2026 05:54:47.046] [fml-loadingscreen/INFO] [net.neoforged.fml.earlydisplay.render.LoadingScreenRenderer/]: GL info: NVIDIA GeForce GTX 1660 SUPER/PCIe/SSE2 GL version 3.3.0 NVIDIA 581.57, NVIDIA Corporation
[317月2026 05:54:47.472] [ForkJoinPool.commonPool-worker-1/INFO] [net.neoforged.fml.loading.moddiscovery.locators.JarInJarDependencyLocator/]: Found 2 dependencies adding them to mods collection
[317月2026 05:54:47.475] [ForkJoinPool.commonPool-worker-1/INFO] [net.neoforged.fml.loading.moddiscovery.ModDiscoverer/]: 
     Mod List:
		Name Version (Mod Id)

		Minecraft 1.21.9 (minecraft)
		NeoForge 21.9.16-beta (neoforge)
		PrivateDimension 1.0.0 (privatedimension)
[317月2026 05:54:47.727] [main/INFO] [mixin/]: SpongePowered MIXIN Subsystem Version=0.8.7 Source=file:/C:/Users/owner/.gradle/caches/modules-2/files-2.1/net.fabricmc/sponge-mixin/0.16.4+mixin.0.8.7/26d01f0567ab46e9ca0d2ed89d0ecc11aadbd433/sponge-mixin-0.16.4+mixin.0.8.7.jar Service=FML Env=CLIENT
[317月2026 05:54:47.828] [main/INFO] [net.neoforged.fml.loading.FMLLoader/]: Loading FML Plugins:
[317月2026 05:54:47.834] [main/INFO] [net.neoforged.fml.loading.FMLLoader/]:  - .cache/jij/51629231fe2baaddd60d570ef06ada2b2f1fe8a34133e63afdd748b9ef93f9f1/net.neoforged.neoforge-coremods-21.9.16-beta.jar
[317月2026 05:54:48.273] [main/INFO] [net.neoforged.fml.loading.FMLLoader/]: Building game content classloader:
 - minecraft (composite(jar(C:\Users\owner\IdeaProjects\PrivateDimention_mod\neoforge-1219\build\moddev\artifacts\neoforge-21.9.16-beta-client-extra-aka-minecraft-resources.jar), filtered(jar(C:\Users\owner\IdeaProjects\PrivateDimention_mod\neoforge-1219\build\moddev\artifacts\neoforge-21.9.16-beta.jar))))
 - mixinextras.neoforge (jar(C:\Users\owner\IdeaProjects\PrivateDimention_mod\neoforge-1219\run\.cache\jij\9c617719248f8b89847348fc7ea5e705739c147ae5e172551264d225bc9f2507\mixinextras-neoforge-0.5.0.jar))
 - neoforge (composite(filtered(jar(C:\Users\owner\IdeaProjects\PrivateDimention_mod\neoforge-1219\build\moddev\artifacts\neoforge-21.9.16-beta.jar))))
 - net.neoforged.fml.generated (empty(VirtualJar\net.neoforged.fml.generated))
 - privatedimension (composite(folder(C:\Users\owner\IdeaProjects\PrivateDimention_mod\neoforge-1219\build\classes\java\main), folder(C:\Users\owner\IdeaProjects\PrivateDimention_mod\neoforge-1219\build\resources\main)))
[317月2026 05:54:48.310] [main/INFO] [net.neoforged.fml.loading.FMLLoader/]: Built game content classloader in 242ms
[317月2026 05:54:52.328] [Datafixer Bootstrap/INFO] [com.mojang.datafixers.DataFixerBuilder/]: 281 Datafixer optimizations took 1398 milliseconds
[317月2026 05:54:52.472] [pool-8-thread-1/INFO] [MixinExtras|Service/]: Initializing MixinExtras via com.llamalad7.mixinextras.service.MixinExtrasServiceImpl(version=0.5.0).
[317月2026 05:55:03.384] [main/WARN] [net.minecraft.commands.Commands/]: Ambiguity between arguments [teleport, location] and [teleport, destination] with inputs: [0.1 -0.5 .9, 0 0 0]
[317月2026 05:55:03.389] [main/WARN] [net.minecraft.commands.Commands/]: Ambiguity between arguments [teleport, location] and [teleport, targets] with inputs: [0.1 -0.5 .9, 0 0 0]
[317月2026 05:55:03.396] [main/WARN] [net.minecraft.commands.Commands/]: Ambiguity between arguments [teleport, destination] and [teleport, targets] with inputs: [Player, 0123, @e, dd12be42-52a9-4a91-a8a1-11c01849e498]
[317月2026 05:55:03.400] [main/WARN] [net.minecraft.commands.Commands/]: Ambiguity between arguments [teleport, targets] and [teleport, destination] with inputs: [Player, 0123, dd12be42-52a9-4a91-a8a1-11c01849e498]
[317月2026 05:55:03.404] [main/WARN] [net.minecraft.commands.Commands/]: Ambiguity between arguments [teleport, targets, location] and [teleport, targets, destination] with inputs: [0.1 -0.5 .9, 0 0 0]
[317月2026 05:55:03.409] [main/WARN] [net.minecraft.commands.Commands/]: Ambiguity between arguments [waypoint, modify, waypoint, color, reset] and [waypoint, modify, waypoint, color, color] with inputs: [reset]
[317月2026 05:55:03.546] [modloading-worker-0/INFO] [privatedimension/]: PrivateDimension Mod が有効化されました！
[317月2026 05:55:03.559] [modloading-worker-0/INFO] [net.neoforged.neoforge.common.NeoForgeMod/NEOFORGE-MOD]: NeoForge mod loading, version 21.9.16-beta, for MC 1.21.9
[317月2026 05:55:03.594] [modloading-worker-0/INFO] [privatedimension/]: PrivateDimension (NeoForge 1.21.9) 初期化完了
[317月2026 05:55:04.739] [Render thread/INFO] [com.mojang.authlib.yggdrasil.YggdrasilAuthenticationService/]: Environment: Environment[sessionHost=https://sessionserver.mojang.com, servicesHost=https://api.minecraftservices.com, profilesHost=https://api.mojang.com, name=PROD]
[317月2026 05:55:04.800] [Render thread/INFO] [net.minecraft.client.Minecraft/]: Setting user: Dev
[317月2026 05:55:05.093] [Render thread/INFO] [net.minecraft.client.Minecraft/]: Backend library: LWJGL version 3.3.3+5
[317月2026 05:55:05.440] [Render thread/INFO] [net.minecraft.client.Minecraft/]: Using optional rendering extensions: GL_ARB_buffer_storage, GL_KHR_debug, GL_ARB_vertex_attrib_binding, GL_ARB_direct_state_access
[317月2026 05:55:05.845] [Download-2/ERROR] [net.minecraft.client.Minecraft/]: Failed to fetch user properties
com.mojang.authlib.exceptions.InvalidCredentialsException: Status: 401
	at com.mojang.authlib.exceptions.MinecraftClientHttpException.toAuthenticationException(MinecraftClientHttpException.java:59) ~[authlib-7.0.61.jar:?]
	at com.mojang.authlib.yggdrasil.YggdrasilUserApiService.fetchProperties(YggdrasilUserApiService.java:150) ~[authlib-7.0.61.jar:?]
	at TRANSFORMER/minecraft@1.21.9/net.minecraft.client.Minecraft.lambda$new$1(Minecraft.java:437) ~[neoforge-21.9.16-beta-client-extra-aka-minecraft-resources.jar:?]
	at java.base/java.util.concurrent.CompletableFuture$AsyncSupply.run(CompletableFuture.java:1768) ~[?:?]
	at java.base/java.util.concurrent.ThreadPoolExecutor.runWorker(ThreadPoolExecutor.java:1144) ~[?:?]
	at java.base/java.util.concurrent.ThreadPoolExecutor$Worker.run(ThreadPoolExecutor.java:642) ~[?:?]
	at java.base/java.lang.Thread.run(Thread.java:1583) [?:?]
Caused by: com.mojang.authlib.exceptions.MinecraftClientHttpException: Status: 401
	at com.mojang.authlib.minecraft.client.MinecraftClient.readInputStream(MinecraftClient.java:103) ~[authlib-7.0.61.jar:?]
	at com.mojang.authlib.minecraft.client.MinecraftClient.get(MinecraftClient.java:56) ~[authlib-7.0.61.jar:?]
	at com.mojang.authlib.yggdrasil.YggdrasilUserApiService.fetchProperties(YggdrasilUserApiService.java:121) ~[authlib-7.0.61.jar:?]
	... 5 more
[317月2026 05:55:05.948] [Render thread/ERROR] [net.minecraft.server.packs.AbstractPackResources/]: Couldn't load mod/privatedimension pack metadata: Pack version declaration mismatch between supported_formats (up to 74) and max_format (999.*)
[317月2026 05:55:06.942] [Render thread/INFO] [net.minecraft.server.packs.resources.ReloadableResourceManager/]: Reloading ResourceManager: vanilla, mod_resources, mod/privatedimension, mod/neoforge
[317月2026 05:55:07.339] [Download-2/INFO] [com.mojang.realmsclient.client.RealmsClient/]: Could not authorize you against Realms server: java.lang.RuntimeException: Failed to parse into SignedJWT: 0
[317月2026 05:55:07.342] [Download-2/ERROR] [com.mojang.realmsclient.client.RealmsClient/]: Failed to fetch Realms feature flags
com.mojang.realmsclient.exception.RealmsServiceException: Realms authentication error with message 'java.lang.RuntimeException: Failed to parse into SignedJWT: 0'
	at TRANSFORMER/minecraft@1.21.9/com.mojang.realmsclient.client.RealmsClient.execute(RealmsClient.java:522) ~[neoforge-21.9.16-beta-client-extra-aka-minecraft-resources.jar:?]
	at TRANSFORMER/minecraft@1.21.9/com.mojang.realmsclient.client.RealmsClient.fetchFeatureFlags(RealmsClient.java:163) ~[neoforge-21.9.16-beta-client-extra-aka-minecraft-resources.jar:?]
	at java.base/java.util.concurrent.CompletableFuture$AsyncSupply.run(CompletableFuture.java:1768) ~[?:?]
	at java.base/java.util.concurrent.ThreadPoolExecutor.runWorker(ThreadPoolExecutor.java:1144) ~[?:?]
	at java.base/java.util.concurrent.ThreadPoolExecutor$Worker.run(ThreadPoolExecutor.java:642) ~[?:?]
	at java.base/java.lang.Thread.run(Thread.java:1583) [?:?]
[317月2026 05:55:07.403] [resourceLoad/INFO] [net.minecraft.client.gui.font.providers.UnihexProvider/]: Found unifont_pua-16.0.03.hex, loading
[317月2026 05:55:07.405] [resourceLoad/INFO] [net.minecraft.client.gui.font.providers.UnihexProvider/]: Found unifont_all_no_pua-16.0.03.hex, loading
[317月2026 05:55:07.998] [resourceLoad/INFO] [net.minecraft.client.gui.font.providers.UnihexProvider/]: Found unifont_jp_patch-16.0.03.hex, loading
[317月2026 05:55:09.025] [Render thread/INFO] [com.mojang.blaze3d.audio.Library/]: OpenAL initialized on device OpenAL Soft on スピーカー (Realtek High Definition Audio)
[317月2026 05:55:09.027] [Render thread/INFO] [net.minecraft.client.sounds.SoundEngine/SOUNDS]: Sound engine started
[317月2026 05:55:09.028] [Render thread/INFO] [net.minecraft.client.renderer.texture.TextureAtlas/]: Created: 512x256x0 minecraft:textures/atlas/particles.png-atlas
[317月2026 05:55:09.034] [Render thread/INFO] [net.minecraft.client.renderer.texture.TextureAtlas/]: Created: 128x64x0 minecraft:textures/atlas/decorated_pot.png-atlas
[317月2026 05:55:09.035] [Render thread/INFO] [net.minecraft.client.renderer.texture.TextureAtlas/]: Created: 2048x1024x0 minecraft:textures/atlas/armor_trims.png-atlas
[317月2026 05:55:09.044] [Render thread/INFO] [net.minecraft.client.renderer.texture.TextureAtlas/]: Created: 512x256x0 minecraft:textures/atlas/paintings.png-atlas
[317月2026 05:55:09.045] [Render thread/INFO] [net.minecraft.client.renderer.texture.TextureAtlas/]: Created: 512x512x0 minecraft:textures/atlas/shield_patterns.png-atlas
[317月2026 05:55:09.047] [Render thread/INFO] [net.minecraft.client.renderer.texture.TextureAtlas/]: Created: 1024x512x4 minecraft:textures/atlas/blocks.png-atlas
[317月2026 05:55:09.066] [Render thread/INFO] [net.minecraft.client.renderer.texture.TextureAtlas/]: Created: 512x256x0 minecraft:textures/atlas/chest.png-atlas
[317月2026 05:55:09.068] [Render thread/INFO] [net.minecraft.client.renderer.texture.TextureAtlas/]: Created: 512x512x0 minecraft:textures/atlas/banner_patterns.png-atlas
[317月2026 05:55:09.070] [Render thread/INFO] [net.minecraft.client.renderer.texture.TextureAtlas/]: Created: 512x256x0 minecraft:textures/atlas/beds.png-atlas
[317月2026 05:55:09.071] [Render thread/INFO] [net.minecraft.client.renderer.texture.TextureAtlas/]: Created: 1024x512x0 minecraft:textures/atlas/gui.png-atlas
[317月2026 05:55:09.075] [Render thread/INFO] [net.minecraft.client.renderer.texture.TextureAtlas/]: Created: 64x64x0 minecraft:textures/atlas/map_decorations.png-atlas
[317月2026 05:55:09.075] [Render thread/INFO] [net.minecraft.client.renderer.texture.TextureAtlas/]: Created: 256x256x0 minecraft:textures/atlas/signs.png-atlas
[317月2026 05:55:09.076] [Render thread/INFO] [net.minecraft.client.renderer.texture.TextureAtlas/]: Created: 512x256x0 minecraft:textures/atlas/shulker_boxes.png-atlas
[317月2026 05:55:09.275] [Render thread/INFO] [net.neoforged.neoforge.client.entity.animation.json.AnimationLoader/]: Loaded 0 entity animations
[317月2026 05:55:09.763] [IO-Worker-1/INFO] [com.mojang.realmsclient.client.RealmsClient/]: Could not authorize you against Realms server: java.lang.RuntimeException: Failed to parse into SignedJWT: 0
[317月2026 05:55:09.764] [IO-Worker-1/ERROR] [com.mojang.realmsclient.RealmsAvailability/]: Couldn't connect to realms
com.mojang.realmsclient.exception.RealmsServiceException: Realms authentication error with message 'java.lang.RuntimeException: Failed to parse into SignedJWT: 0'
	at TRANSFORMER/minecraft@1.21.9/com.mojang.realmsclient.client.RealmsClient.execute(RealmsClient.java:522) ~[neoforge-21.9.16-beta-client-extra-aka-minecraft-resources.jar:?]
	at TRANSFORMER/minecraft@1.21.9/com.mojang.realmsclient.client.RealmsClient.clientCompatible(RealmsClient.java:292) ~[neoforge-21.9.16-beta-client-extra-aka-minecraft-resources.jar:?]
	at TRANSFORMER/minecraft@1.21.9/com.mojang.realmsclient.RealmsAvailability.lambda$check$0(RealmsAvailability.java:51) ~[neoforge-21.9.16-beta-client-extra-aka-minecraft-resources.jar:?]
	at java.base/java.util.concurrent.CompletableFuture$AsyncSupply.run(CompletableFuture.java:1768) ~[?:?]
	at java.base/java.util.concurrent.ThreadPoolExecutor.runWorker(ThreadPoolExecutor.java:1144) ~[?:?]
	at java.base/java.util.concurrent.ThreadPoolExecutor$Worker.run(ThreadPoolExecutor.java:642) ~[?:?]
	at java.base/java.lang.Thread.run(Thread.java:1583) [?:?]
[317月2026 05:55:20.907] [Render thread/INFO] [net.minecraft.client.renderer.DynamicUniformStorage/]: Resizing Dynamic Transforms UBO, capacity limit of 2 reached during a single frame. New capacity will be 4.
[317月2026 05:55:20.981] [Render thread/ERROR] [net.minecraft.server.packs.AbstractPackResources/]: Couldn't load mod/privatedimension pack metadata: Pack version declaration mismatch between supported_formats (up to 74) and max_format (999.*)
[317月2026 05:55:24.952] [Render thread/INFO] [net.minecraft.world.item.crafting.RecipeManager/]: Loaded 1462 recipes
[317月2026 05:55:24.972] [Render thread/INFO] [net.minecraft.advancements.AdvancementTree/]: Loaded 1575 advancements
[317月2026 05:55:24.976] [Render thread/INFO] [net.neoforged.neoforge.common.crafting.RecipePriorityManager/]: Loaded 0 recipe priority overrides
[317月2026 05:55:25.303] [Server thread/INFO] [net.minecraft.client.server.IntegratedServer/]: Starting integrated minecraft server version 1.21.9
[317月2026 05:55:25.305] [Server thread/INFO] [net.minecraft.server.MinecraftServer/]: Generating keypair
[317月2026 05:55:26.002] [Server thread/INFO] [net.minecraft.server.level.progress.LoggingLevelLoadListener/]: Loading 0 persistent chunks...
[317月2026 05:55:26.003] [Server thread/INFO] [net.minecraft.server.level.progress.LoggingLevelLoadListener/]: Preparing spawn area: 16%
[317月2026 05:55:26.018] [Server thread/INFO] [net.neoforged.neoforge.server.permission.PermissionAPI/]: Successfully initialized permission handler neoforge:default_handler
[317月2026 05:55:26.021] [Server thread/INFO] [privatedimension/]: プライベート次元ワールドを確認しました: privatedimension:private_dimension
[317月2026 05:55:27.162] [Render thread/ERROR] [net.minecraft.server.packs.AbstractPackResources/]: Couldn't load mod/privatedimension pack metadata: Pack version declaration mismatch between supported_formats (up to 74) and max_format (999.*)
[317月2026 05:55:27.423] [Server thread/INFO] [net.minecraft.server.level.progress.LoggingLevelLoadListener/]: Loading 49 chunks for player spawn...
[317月2026 05:55:27.423] [Server thread/INFO] [net.minecraft.server.level.progress.LoggingLevelLoadListener/]: Preparing spawn area: 16%
[317月2026 05:55:27.423] [Server thread/INFO] [net.minecraft.server.level.progress.LoggingLevelLoadListener/]: Preparing spawn area: 16%
[317月2026 05:55:27.523] [Server thread/INFO] [net.minecraft.server.level.progress.LoggingLevelLoadListener/]: Preparing spawn area: 16%
[317月2026 05:55:27.959] [Server thread/INFO] [net.minecraft.server.level.progress.LoggingLevelLoadListener/]: Time elapsed: 1957 ms
[317月2026 05:55:28.572] [Server thread/INFO] [net.minecraft.server.players.PlayerList/]: Dev[local:E:dd1ba8c9] logged in with entity id 122 at (63.017575880406355, 72.0, -54.44333001064745)
[317月2026 05:55:28.676] [Server thread/INFO] [net.minecraft.server.MinecraftServer/]: Dev joined the game
[317月2026 05:55:28.939] [Render thread/INFO] [net.minecraft.client.renderer.DynamicUniformStorage/]: Resizing Dynamic Transforms UBO, capacity limit of 4 reached during a single frame. New capacity will be 8.
[317月2026 05:55:28.957] [Server thread/INFO] [net.minecraft.client.server.IntegratedServer/]: Changing view distance to 12, from 10
[317月2026 05:55:28.962] [Server thread/INFO] [net.minecraft.client.server.IntegratedServer/]: Changing simulation distance to 12, from 0
[317月2026 05:55:28.962] [Render thread/INFO] [net.minecraft.advancements.AdvancementTree/]: Loaded 10 advancements
[317月2026 05:55:29.135] [Render thread/INFO] [net.minecraft.client.renderer.DynamicUniformStorage/]: Resizing Dynamic Transforms UBO, capacity limit of 8 reached during a single frame. New capacity will be 16.
[317月2026 05:55:29.384] [Render thread/INFO] [net.minecraft.client.renderer.DynamicUniformStorage/]: Resizing Dynamic Transforms UBO, capacity limit of 16 reached during a single frame. New capacity will be 32.
[317月2026 05:55:29.438] [Render thread/INFO] [net.minecraft.client.renderer.DynamicUniformStorage/]: Resizing Dynamic Transforms UBO, capacity limit of 32 reached during a single frame. New capacity will be 64.
[317月2026 05:55:29.715] [Render thread/INFO] [net.minecraft.client.renderer.DynamicUniformStorage/]: Resizing Dynamic Transforms UBO, capacity limit of 64 reached during a single frame. New capacity will be 128.
[317月2026 05:55:30.663] [Render thread/INFO] [net.minecraft.client.renderer.DynamicUniformStorage/]: Resizing Dynamic Transforms UBO, capacity limit of 128 reached during a single frame. New capacity will be 256.
[317月2026 05:55:32.429] [Render thread/INFO] [net.minecraft.client.renderer.DynamicUniformStorage/]: Resizing Dynamic Transforms UBO, capacity limit of 256 reached during a single frame. New capacity will be 512.
[317月2026 05:55:35.759] [Render thread/INFO] [net.minecraft.client.renderer.DynamicUniformStorage/]: Resizing Dynamic Transforms UBO, capacity limit of 512 reached during a single frame. New capacity will be 1024.
[317月2026 05:55:39.287] [Render thread/INFO] [net.minecraft.client.renderer.DynamicUniformStorage/]: Resizing Dynamic Transforms UBO, capacity limit of 1024 reached during a single frame. New capacity will be 2048.
[317月2026 05:55:51.024] [Server thread/INFO] [net.minecraft.client.server.IntegratedServer/]: Saving and pausing game...
[317月2026 05:55:51.055] [Server thread/INFO] [net.minecraft.server.MinecraftServer/]: Saving chunks for level 'ServerLevel[New World]'/minecraft:overworld
[317月2026 05:55:51.145] [Server thread/INFO] [net.minecraft.server.MinecraftServer/]: Saving chunks for level 'ServerLevel[New World]'/minecraft:the_end
[317月2026 05:55:51.149] [Server thread/INFO] [net.minecraft.server.MinecraftServer/]: Saving chunks for level 'ServerLevel[New World]'/privatedimension:private_dimension
[317月2026 05:55:51.151] [Server thread/INFO] [net.minecraft.server.MinecraftServer/]: Saving chunks for level 'ServerLevel[New World]'/minecraft:the_nether
[317月2026 05:55:51.737] [Server thread/INFO] [net.minecraft.server.network.ServerGamePacketListenerImpl/]: Dev lost connection: Disconnected
[317月2026 05:55:51.737] [Server thread/INFO] [net.minecraft.server.MinecraftServer/]: Dev left the game
[317月2026 05:55:51.759] [Server thread/INFO] [net.minecraft.server.network.ServerCommonPacketListenerImpl/]: Stopping singleplayer server as player logged out
[317月2026 05:55:51.781] [Server thread/INFO] [net.minecraft.server.MinecraftServer/]: Stopping server
[317月2026 05:55:51.782] [Server thread/INFO] [net.minecraft.server.MinecraftServer/]: Saving players
[317月2026 05:55:51.782] [Server thread/INFO] [net.minecraft.server.MinecraftServer/]: Saving worlds
[317月2026 05:55:52.902] [Server thread/INFO] [net.minecraft.server.MinecraftServer/]: Saving chunks for level 'ServerLevel[New World]'/minecraft:overworld
[317月2026 05:55:53.036] [Server thread/INFO] [net.minecraft.server.MinecraftServer/]: Saving chunks for level 'ServerLevel[New World]'/minecraft:the_end
[317月2026 05:55:53.047] [Server thread/INFO] [net.minecraft.server.MinecraftServer/]: Saving chunks for level 'ServerLevel[New World]'/privatedimension:private_dimension
[317月2026 05:55:53.056] [Server thread/INFO] [net.minecraft.server.MinecraftServer/]: Saving chunks for level 'ServerLevel[New World]'/minecraft:the_nether
[317月2026 05:55:53.073] [Server thread/INFO] [net.minecraft.server.MinecraftServer/]: ThreadedAnvilChunkStorage (New World): All chunks are saved
[317月2026 05:55:53.074] [Server thread/INFO] [net.minecraft.server.MinecraftServer/]: ThreadedAnvilChunkStorage (DIM1): All chunks are saved
[317月2026 05:55:53.074] [Server thread/INFO] [net.minecraft.server.MinecraftServer/]: ThreadedAnvilChunkStorage (private_dimension): All chunks are saved
[317月2026 05:55:53.074] [Server thread/INFO] [net.minecraft.server.MinecraftServer/]: ThreadedAnvilChunkStorage (DIM-1): All chunks are saved
[317月2026 05:55:53.074] [Server thread/INFO] [net.minecraft.server.MinecraftServer/]: ThreadedAnvilChunkStorage: All dimensions are saved
[317月2026 05:55:53.786] [Render thread/INFO] [net.minecraft.client.Minecraft/]: Stopping!
