[317月2026 07:01:02.517] [main/INFO] [net.neoforged.fml.startup.Entrypoint/]: JVM Uptime at startup: 525ms
[317月2026 07:01:02.555] [main/INFO] [net.neoforged.fml.loading.FMLLoader/]: Starting FancyModLoader version 11.0.15 (CLIENT in DEV)
[317月2026 07:01:02.555] [main/INFO] [net.neoforged.fml.loading.FMLLoader/]: Game directory: C:\Users\owner\IdeaProjects\PrivateDimention_mod\neoforge-2612\run
[317月2026 07:01:02.673] [main/INFO] [net.neoforged.fml.loading.EarlyServiceDiscovery/]: Found 2 early service jars (out of 107) in 51ms
[317月2026 07:01:02.674] [main/INFO] [net.neoforged.fml.loading.FMLLoader/]: Loading FML Early Services:
[317月2026 07:01:02.675] [main/INFO] [net.neoforged.fml.loading.FMLLoader/]:  - C:/Users/owner/.gradle/caches/modules-2/files-2.1/net.neoforged.fancymodloader/earlydisplay/11.0.15/b254aa4ec40828f8ce65411dcb7fb9f6ce008064/earlydisplay-11.0.15.jar
[317月2026 07:01:02.676] [main/INFO] [net.neoforged.fml.loading.FMLLoader/]:  - C:/Users/owner/.gradle/caches/modules-2/files-2.1/net.neoforged.fancymodloader/loader/11.0.15/69ddd98736a6b095783523404d1af8992842722/loader-11.0.15.jar
[317月2026 07:01:02.683] [main/INFO] [net.neoforged.fml.loading.ImmediateWindowHandler/]: Loading ImmediateWindowProvider fmlearlywindow
[317月2026 07:01:03.819] [ForkJoinPool.commonPool-worker-4/INFO] [net.neoforged.fml.loading.moddiscovery.locators.GameLocator/]: Detected a joined NeoForge and Minecraft configuration. Applying filtering...
[317月2026 07:01:03.922] [fml-loadingscreen/INFO] [net.neoforged.fml.earlydisplay.render.LoadingScreenRenderer/]: GL info: NVIDIA GeForce GTX 1660 SUPER/PCIe/SSE2 GL version 3.3.0 NVIDIA 581.57, NVIDIA Corporation
[317月2026 07:01:04.028] [ForkJoinPool.commonPool-worker-4/INFO] [net.neoforged.fml.loading.moddiscovery.locators.InDevFolderLocator/CORE]: Got mod coordinates privatedimension%%C:\Users\owner\IdeaProjects\PrivateDimention_mod\neoforge-2612\build\classes\java\main;privatedimension%%C:\Users\owner\IdeaProjects\PrivateDimention_mod\neoforge-2612\build\resources\main from env
[317月2026 07:01:04.472] [ForkJoinPool.commonPool-worker-4/INFO] [net.neoforged.fml.loading.moddiscovery.locators.JarInJarDependencyLocator/]: Found 2 dependencies adding them to mods collection
[317月2026 07:01:04.477] [ForkJoinPool.commonPool-worker-4/INFO] [net.neoforged.fml.loading.moddiscovery.ModDiscoverer/]: 
     Mod List:
		Name Version (Mod Id)

		Minecraft 26.1.2 (minecraft)
		NeoForge 26.1.2.92 (neoforge)
		PrivateDimension 1.0.0 (privatedimension)
[317月2026 07:01:05.927] [main/INFO] [mixin/]: SpongePowered MIXIN Subsystem Version=0.8.7 Source=file:/C:/Users/owner/.gradle/caches/modules-2/files-2.1/net.fabricmc/sponge-mixin/0.17.3+mixin.0.8.7/41c4a3984a80f4679e759fb9f495587acc5cdac7/sponge-mixin-0.17.3+mixin.0.8.7.jar Service=FML Env=CLIENT
[317月2026 07:01:06.077] [main/INFO] [net.neoforged.fml.loading.FMLLoader/]: Loading FML Plugins:
[317月2026 07:01:06.078] [main/INFO] [net.neoforged.fml.loading.FMLLoader/]:  - C:/Users/owner/.gradle/caches/modules-2/files-2.1/net.neoforged/neoforge/26.1.2.92/b5906f96bf5666f33a43697fba8f5581f24ead20/neoforge-26.1.2.92-universal.jar > net.neoforged.neoforge-coremods-26.1.2.92.jar
[317月2026 07:01:06.337] [main/INFO] [net.neoforged.fml.loading.FMLLoader/]: Building game content classloader:
 - minecraft (composite(filtered(jar(C:/Users/owner/IdeaProjects/PrivateDimention_mod/neoforge-2612/build/moddev/artifacts/minecraft-patched-26.1.2.92.jar)), filtered(jar(C:/Users/owner/IdeaProjects/PrivateDimention_mod/neoforge-2612/build/moddev/artifacts/minecraft-patched-26.1.2.92.jar))))
 - mixinextras.neoforge (jar(C:/Users/owner/.gradle/caches/modules-2/files-2.1/net.neoforged/neoforge/26.1.2.92/b5906f96bf5666f33a43697fba8f5581f24ead20/neoforge-26.1.2.92-universal.jar > mixinextras-neoforge-0.5.4.jar))
 - neoforge (composite(filtered(jar(C:/Users/owner/.gradle/caches/modules-2/files-2.1/net.neoforged/neoforge/26.1.2.92/b5906f96bf5666f33a43697fba8f5581f24ead20/neoforge-26.1.2.92-universal.jar))))
 - net.neoforged.fml.generated (empty(VirtualJar/net.neoforged.fml.generated))
 - privatedimension (composite(folder(C:/Users/owner/IdeaProjects/PrivateDimention_mod/neoforge-2612/build/classes/java/main), folder(C:/Users/owner/IdeaProjects/PrivateDimention_mod/neoforge-2612/build/resources/main)))
[317月2026 07:01:06.370] [main/INFO] [net.neoforged.fml.loading.FMLLoader/]: Built game content classloader in 64ms
[317月2026 07:01:09.480] [pool-8-thread-1/INFO] [MixinExtras|Service/]: Initializing MixinExtras via com.llamalad7.mixinextras.service.MixinExtrasServiceImpl(version=0.5.4).
[317月2026 07:01:09.645] [Datafixer Bootstrap/INFO] [com.mojang.datafixers.DataFixerBuilder/]: 294 Datafixer optimizations took 1202 milliseconds
[317月2026 07:01:19.522] [main/WARN] [net.minecraft.commands.Commands/]: Ambiguity between arguments [teleport, location] and [teleport, destination] with inputs: [0.1 -0.5 .9, 0 0 0]
[317月2026 07:01:19.526] [main/WARN] [net.minecraft.commands.Commands/]: Ambiguity between arguments [teleport, location] and [teleport, targets] with inputs: [0.1 -0.5 .9, 0 0 0]
[317月2026 07:01:19.534] [main/WARN] [net.minecraft.commands.Commands/]: Ambiguity between arguments [teleport, destination] and [teleport, targets] with inputs: [Player, 0123, @e, dd12be42-52a9-4a91-a8a1-11c01849e498]
[317月2026 07:01:19.543] [main/WARN] [net.minecraft.commands.Commands/]: Ambiguity between arguments [teleport, targets] and [teleport, destination] with inputs: [Player, 0123, dd12be42-52a9-4a91-a8a1-11c01849e498]
[317月2026 07:01:19.550] [main/WARN] [net.minecraft.commands.Commands/]: Ambiguity between arguments [teleport, targets, location] and [teleport, targets, destination] with inputs: [0.1 -0.5 .9, 0 0 0]
[317月2026 07:01:19.557] [main/WARN] [net.minecraft.commands.Commands/]: Ambiguity between arguments [time, set, time] and [time, set, timemarker] with inputs: [0, 0s, 0d, 0t]
[317月2026 07:01:19.562] [main/WARN] [net.minecraft.commands.Commands/]: Ambiguity between arguments [time, set, timemarker] and [time, set, time] with inputs: [012]
[317月2026 07:01:19.571] [main/WARN] [net.minecraft.commands.Commands/]: Ambiguity between arguments [time, of, clock, set, time] and [time, of, clock, set, timemarker] with inputs: [0, 0s, 0d, 0t]
[317月2026 07:01:19.575] [main/WARN] [net.minecraft.commands.Commands/]: Ambiguity between arguments [time, of, clock, set, timemarker] and [time, of, clock, set, time] with inputs: [012]
[317月2026 07:01:19.583] [main/WARN] [net.minecraft.commands.Commands/]: Ambiguity between arguments [waypoint, modify, waypoint, color, reset] and [waypoint, modify, waypoint, color, color] with inputs: [reset]
[317月2026 07:01:19.690] [modloading-worker-0/INFO] [privatedimension/]: PrivateDimension Mod が有効化されました！
[317月2026 07:01:19.696] [modloading-worker-0/INFO] [net.neoforged.neoforge.common.NeoForgeMod/NEOFORGE-MOD]: NeoForge mod loading, version 26.1.2.92, for MC 26.1.2
[317月2026 07:01:19.710] [modloading-worker-0/INFO] [privatedimension/]: PrivateDimension (NeoForge 26.1.2) 初期化完了
[317月2026 07:01:20.735] [Render thread/INFO] [com.mojang.authlib.yggdrasil.YggdrasilAuthenticationService/]: Environment: Environment[sessionHost=https://sessionserver.mojang.com, servicesHost=https://api.minecraftservices.com, profilesHost=https://api.mojang.com, name=PROD]
[317月2026 07:01:20.776] [Render thread/INFO] [net.minecraft.client.Minecraft/]: Setting user: Dev
[317月2026 07:01:20.955] [Render thread/INFO] [net.minecraft.client.Minecraft/]: Backend library: LWJGL version 3.4.1+2
[317月2026 07:01:21.350] [Render thread/INFO] [net.minecraft.client.Minecraft/]: Using optional rendering extensions: GL_ARB_buffer_storage, GL_KHR_debug, GL_ARB_vertex_attrib_binding, GL_ARB_direct_state_access, GL_EXT_texture_filter_anisotropic
[317月2026 07:01:23.252] [Render thread/INFO] [net.minecraft.server.packs.resources.ReloadableResourceManager/]: Reloading ResourceManager: vanilla, mod_resources, mod/privatedimension, mod/neoforge
[317月2026 07:01:23.676] [resourceLoad/INFO] [net.minecraft.client.gui.font.providers.UnihexProvider/]: Found unifont_all_no_pua-17.0.01.hex, loading
[317月2026 07:01:23.685] [resourceLoad/INFO] [net.minecraft.client.gui.font.providers.UnihexProvider/]: Found unifont_pua-17.0.01.hex, loading
[317月2026 07:01:24.293] [resourceLoad/INFO] [net.minecraft.client.gui.font.providers.UnihexProvider/]: Found unifont_jp_patch-17.0.01.hex, loading
[317月2026 07:01:25.511] [Render thread/WARN] [com.mojang.blaze3d.opengl.GlProgram/]: neoforge:pipeline/item_translucent_unlit shader program does not use sampler Sampler2 defined in the pipeline. This might be a bug.
[317月2026 07:01:25.516] [Render thread/WARN] [com.mojang.blaze3d.opengl.GlProgram/]: neoforge:pipeline/item_cutout_unlit shader program does not use sampler Sampler2 defined in the pipeline. This might be a bug.
[317月2026 07:01:25.599] [Render thread/INFO] [com.mojang.blaze3d.audio.Library/]: OpenAL initialized on device OpenAL Soft on スピーカー (Realtek High Definition Audio)
[317月2026 07:01:25.604] [Render thread/INFO] [net.minecraft.client.sounds.SoundEngine/SOUNDS]: Sound engine started
[317月2026 07:01:25.605] [Render thread/INFO] [net.minecraft.client.renderer.texture.TextureAtlas/]: Created: 512x256x0 minecraft:textures/atlas/particles.png-atlas
[317月2026 07:01:25.629] [Render thread/INFO] [net.minecraft.client.renderer.texture.TextureAtlas/]: Created: 128x128x0 minecraft:textures/atlas/decorated_pot.png-atlas
[317月2026 07:01:25.632] [Render thread/INFO] [net.minecraft.client.renderer.texture.TextureAtlas/]: Created: 2048x1024x0 minecraft:textures/atlas/armor_trims.png-atlas
[317月2026 07:01:25.676] [Render thread/INFO] [net.minecraft.client.renderer.texture.TextureAtlas/]: Created: 512x256x0 minecraft:textures/atlas/paintings.png-atlas
[317月2026 07:01:25.681] [Render thread/INFO] [net.minecraft.client.renderer.texture.TextureAtlas/]: Created: 1024x512x0 minecraft:textures/atlas/shield_patterns.png-atlas
[317月2026 07:01:25.686] [Render thread/INFO] [net.minecraft.client.renderer.texture.TextureAtlas/]: Created: 2048x2048x4 minecraft:textures/atlas/blocks.png-atlas
[317月2026 07:01:25.789] [Render thread/INFO] [net.minecraft.client.renderer.texture.TextureAtlas/]: Created: 512x512x0 minecraft:textures/atlas/chest.png-atlas
[317月2026 07:01:25.791] [Render thread/INFO] [net.minecraft.client.renderer.texture.TextureAtlas/]: Created: 256x128x0 minecraft:textures/atlas/celestials.png-atlas
[317月2026 07:01:25.793] [Render thread/INFO] [net.minecraft.client.renderer.texture.TextureAtlas/]: Created: 1024x512x0 minecraft:textures/atlas/banner_patterns.png-atlas
[317月2026 07:01:25.797] [Render thread/INFO] [net.minecraft.client.renderer.texture.TextureAtlas/]: Created: 512x512x0 minecraft:textures/atlas/beds.png-atlas
[317月2026 07:01:25.799] [Render thread/INFO] [net.minecraft.client.renderer.texture.TextureAtlas/]: Created: 1024x512x0 minecraft:textures/atlas/items.png-atlas
[317月2026 07:01:25.825] [Render thread/INFO] [net.minecraft.client.renderer.texture.TextureAtlas/]: Created: 1024x1024x0 minecraft:textures/atlas/gui.png-atlas
[317月2026 07:01:25.847] [Render thread/INFO] [net.minecraft.client.renderer.texture.TextureAtlas/]: Created: 128x64x0 minecraft:textures/atlas/map_decorations.png-atlas
[317月2026 07:01:25.850] [Render thread/INFO] [net.minecraft.client.renderer.texture.TextureAtlas/]: Created: 512x256x0 minecraft:textures/atlas/signs.png-atlas
[317月2026 07:01:25.853] [Render thread/INFO] [net.minecraft.client.renderer.texture.TextureAtlas/]: Created: 512x512x0 minecraft:textures/atlas/shulker_boxes.png-atlas
[317月2026 07:01:26.079] [Render thread/INFO] [net.neoforged.neoforge.client.entity.animation.json.AnimationLoader/]: Loaded 0 entity animations
[317月2026 07:01:31.466] [Render thread/INFO] [net.minecraft.world.item.crafting.RecipeManager/]: Loaded 1516 recipes
[317月2026 07:01:31.483] [Render thread/INFO] [net.minecraft.advancements.AdvancementTree/]: Loaded 1618 advancements
[317月2026 07:01:31.487] [Render thread/INFO] [net.neoforged.neoforge.common.crafting.RecipePriorityManager/]: Loaded 0 recipe priority overrides
[317月2026 07:01:31.757] [Server thread/INFO] [net.minecraft.client.server.IntegratedServer/]: Starting integrated minecraft server version 26.1.2
[317月2026 07:01:31.757] [Server thread/INFO] [net.minecraft.server.MinecraftServer/]: Generating keypair
[317月2026 07:01:32.444] [Server thread/INFO] [net.minecraft.server.level.progress.LoggingLevelLoadListener/]: Loading 0 persistent chunks...
[317月2026 07:01:32.445] [Server thread/INFO] [net.minecraft.server.level.progress.LoggingLevelLoadListener/]: Preparing spawn area: 16%
[317月2026 07:01:32.456] [Server thread/INFO] [net.minecraft.server.MinecraftServer/]: Saving chunks for level 'ServerLevel[New World]'/minecraft:overworld
[317月2026 07:01:32.698] [Server thread/INFO] [net.minecraft.server.MinecraftServer/]: Saving chunks for level 'ServerLevel[New World]'/minecraft:the_nether
[317月2026 07:01:32.752] [Server thread/INFO] [net.minecraft.server.MinecraftServer/]: Saving chunks for level 'ServerLevel[New World]'/minecraft:the_end
[317月2026 07:01:32.761] [Server thread/INFO] [net.minecraft.server.MinecraftServer/]: Saving chunks for level 'ServerLevel[New World]'/privatedimension:private_dimension
[317月2026 07:01:32.781] [Server thread/INFO] [net.minecraft.server.MinecraftServer/]: ThreadedAnvilChunkStorage (world): All chunks are saved
[317月2026 07:01:32.781] [Server thread/INFO] [net.minecraft.server.MinecraftServer/]: ThreadedAnvilChunkStorage (DIM-1): All chunks are saved
[317月2026 07:01:32.781] [Server thread/INFO] [net.minecraft.server.MinecraftServer/]: ThreadedAnvilChunkStorage (DIM1): All chunks are saved
[317月2026 07:01:32.782] [Server thread/INFO] [net.minecraft.server.MinecraftServer/]: ThreadedAnvilChunkStorage (private_dimension): All chunks are saved
[317月2026 07:01:32.782] [Server thread/INFO] [net.minecraft.server.MinecraftServer/]: ThreadedAnvilChunkStorage: All dimensions are saved
[317月2026 07:01:32.787] [Server thread/INFO] [net.neoforged.neoforge.server.permission.PermissionAPI/]: Successfully initialized permission handler neoforge:default_handler
[317月2026 07:01:32.787] [Server thread/INFO] [privatedimension/]: プライベート次元ワールドを確認しました: privatedimension:private_dimension
[317月2026 07:01:33.584] [Server thread/INFO] [net.minecraft.server.level.progress.LoggingLevelLoadListener/]: Loading 49 chunks for player spawn...
[317月2026 07:01:33.585] [Server thread/INFO] [net.minecraft.server.level.progress.LoggingLevelLoadListener/]: Preparing spawn area: 16%
[317月2026 07:01:33.590] [Server thread/INFO] [net.minecraft.server.level.progress.LoggingLevelLoadListener/]: Preparing spawn area: 16%
[317月2026 07:01:33.789] [Server thread/INFO] [net.minecraft.server.level.progress.LoggingLevelLoadListener/]: Time elapsed: 1345 ms
[317月2026 07:01:34.293] [Server thread/INFO] [net.minecraft.server.players.PlayerList/]: Dev[local:E:6bfe93c3] logged in with entity id 2 at (-1.130165273428993, 68.0, 0.48525697342455193)
[317月2026 07:01:34.373] [Server thread/INFO] [net.minecraft.server.MinecraftServer/]: Dev joined the game
[317月2026 07:01:34.538] [Render thread/WARN] [net.minecraft.client.multiplayer.ClientPacketListener/]: Ignoring chat session from Dev due to missing Services public key
[317月2026 07:01:34.540] [Render thread/INFO] [net.minecraft.advancements.AdvancementTree/]: Loaded 29 advancements
[317月2026 07:01:34.549] [Server thread/INFO] [net.minecraft.client.server.IntegratedServer/]: Changing view distance to 16, from 10
[317月2026 07:01:34.553] [Server thread/INFO] [net.minecraft.client.server.IntegratedServer/]: Changing simulation distance to 12, from 0
[317月2026 07:01:34.594] [Render thread/INFO] [net.minecraft.client.renderer.DynamicUniformStorage/]: Resizing Dynamic Transforms UBO, capacity limit of 2 reached during a single frame. New capacity will be 4.
[317月2026 07:01:34.769] [Render thread/INFO] [net.minecraft.client.renderer.DynamicUniformStorage/]: Resizing Dynamic Transforms UBO, capacity limit of 4 reached during a single frame. New capacity will be 8.
[317月2026 07:01:35.004] [Render thread/INFO] [net.minecraft.client.renderer.DynamicUniformStorage/]: Resizing Chunk Sections UBO, capacity limit of 2 reached during a single frame. New capacity will be 16.
[317月2026 07:01:35.149] [Render thread/INFO] [net.minecraft.client.renderer.DynamicUniformStorage/]: Resizing Dynamic Transforms UBO, capacity limit of 8 reached during a single frame. New capacity will be 16.
[317月2026 07:01:35.207] [Render thread/INFO] [net.minecraft.client.renderer.DynamicUniformStorage/]: Resizing Chunk Sections UBO, capacity limit of 16 reached during a single frame. New capacity will be 32.
[317月2026 07:01:36.749] [Server thread/INFO] [privatedimension/]: TeleportTransition API: class=net.minecraft.world.level.portal.TeleportTransition, ctor=6params, method=teleport
[317月2026 07:01:38.815] [Render thread/INFO] [net.minecraft.client.renderer.DynamicUniformStorage/]: Resizing Chunk Sections UBO, capacity limit of 32 reached during a single frame. New capacity will be 64.
[317月2026 07:01:40.007] [Render thread/INFO] [net.minecraft.client.renderer.DynamicUniformStorage/]: Resizing Chunk Sections UBO, capacity limit of 64 reached during a single frame. New capacity will be 128.
[317月2026 07:01:40.932] [Render thread/INFO] [net.minecraft.advancements.AdvancementTree/]: Loaded 33 advancements
[317月2026 07:01:41.439] [Render thread/INFO] [net.minecraft.client.renderer.DynamicUniformStorage/]: Resizing Chunk Sections UBO, capacity limit of 128 reached during a single frame. New capacity will be 256.
[317月2026 07:01:44.572] [Render thread/INFO] [net.minecraft.client.renderer.DynamicUniformStorage/]: Resizing Chunk Sections UBO, capacity limit of 256 reached during a single frame. New capacity will be 512.
[317月2026 07:01:46.191] [Render thread/INFO] [net.minecraft.client.renderer.DynamicUniformStorage/]: Resizing Chunk Sections UBO, capacity limit of 512 reached during a single frame. New capacity will be 1024.
[317月2026 07:02:07.240] [Server thread/INFO] [net.minecraft.client.server.IntegratedServer/]: Saving and pausing game...
[317月2026 07:02:07.273] [Server thread/INFO] [net.minecraft.server.MinecraftServer/]: Saving chunks for level 'ServerLevel[New World]'/minecraft:overworld
[317月2026 07:02:07.298] [Server thread/INFO] [net.minecraft.server.MinecraftServer/]: Saving chunks for level 'ServerLevel[New World]'/minecraft:the_nether
[317月2026 07:02:07.299] [Server thread/INFO] [net.minecraft.server.MinecraftServer/]: Saving chunks for level 'ServerLevel[New World]'/minecraft:the_end
[317月2026 07:02:07.299] [Server thread/INFO] [net.minecraft.server.MinecraftServer/]: Saving chunks for level 'ServerLevel[New World]'/privatedimension:private_dimension
[317月2026 07:02:07.791] [Server thread/INFO] [net.minecraft.server.MinecraftServer/]: Stopping server
[317月2026 07:02:07.792] [Server thread/INFO] [net.minecraft.server.MinecraftServer/]: Saving players
[317月2026 07:02:07.811] [Server thread/INFO] [net.minecraft.server.network.ServerGamePacketListenerImpl/]: Dev lost connection: Disconnected
[317月2026 07:02:07.812] [Server thread/INFO] [net.minecraft.server.MinecraftServer/]: Dev left the game
[317月2026 07:02:07.831] [Server thread/INFO] [net.minecraft.server.network.ServerCommonPacketListenerImpl/]: Stopping singleplayer server as player logged out
[317月2026 07:02:07.831] [Server thread/INFO] [net.minecraft.server.MinecraftServer/]: Saving worlds
[317月2026 07:02:08.052] [Server thread/INFO] [net.minecraft.server.MinecraftServer/]: Saving chunks for level 'ServerLevel[New World]'/minecraft:overworld
[317月2026 07:02:09.419] [Server thread/INFO] [net.minecraft.server.MinecraftServer/]: Saving chunks for level 'ServerLevel[New World]'/minecraft:the_nether
[317月2026 07:02:09.429] [Server thread/INFO] [net.minecraft.server.MinecraftServer/]: Saving chunks for level 'ServerLevel[New World]'/minecraft:the_end
[317月2026 07:02:09.439] [Server thread/INFO] [net.minecraft.server.MinecraftServer/]: Saving chunks for level 'ServerLevel[New World]'/privatedimension:private_dimension
[317月2026 07:02:09.460] [Server thread/INFO] [net.minecraft.server.MinecraftServer/]: ThreadedAnvilChunkStorage (world): All chunks are saved
[317月2026 07:02:09.462] [Server thread/INFO] [net.minecraft.server.MinecraftServer/]: ThreadedAnvilChunkStorage (DIM-1): All chunks are saved
[317月2026 07:02:09.462] [Server thread/INFO] [net.minecraft.server.MinecraftServer/]: ThreadedAnvilChunkStorage (DIM1): All chunks are saved
[317月2026 07:02:09.462] [Server thread/INFO] [net.minecraft.server.MinecraftServer/]: ThreadedAnvilChunkStorage (private_dimension): All chunks are saved
[317月2026 07:02:09.462] [Server thread/INFO] [net.minecraft.server.MinecraftServer/]: ThreadedAnvilChunkStorage: All dimensions are saved
[317月2026 07:02:12.149] [Render thread/INFO] [net.minecraft.world.item.crafting.RecipeManager/]: Loaded 1516 recipes
[317月2026 07:02:12.163] [Render thread/INFO] [net.minecraft.advancements.AdvancementTree/]: Loaded 1618 advancements
[317月2026 07:02:12.164] [Render thread/INFO] [net.neoforged.neoforge.common.crafting.RecipePriorityManager/]: Loaded 0 recipe priority overrides
[317月2026 07:02:12.250] [Server thread/INFO] [net.minecraft.client.server.IntegratedServer/]: Starting integrated minecraft server version 26.1.2
[317月2026 07:02:12.250] [Server thread/INFO] [net.minecraft.server.MinecraftServer/]: Generating keypair
[317月2026 07:02:12.395] [Server thread/INFO] [net.minecraft.server.level.progress.LoggingLevelLoadListener/]: Loading 0 persistent chunks...
[317月2026 07:02:12.407] [Server thread/INFO] [net.minecraft.server.MinecraftServer/]: Saving chunks for level 'ServerLevel[New World]'/minecraft:overworld
[317月2026 07:02:12.414] [Server thread/INFO] [net.minecraft.server.MinecraftServer/]: Saving chunks for level 'ServerLevel[New World]'/minecraft:the_nether
[317月2026 07:02:12.420] [Server thread/INFO] [net.minecraft.server.MinecraftServer/]: Saving chunks for level 'ServerLevel[New World]'/minecraft:the_end
[317月2026 07:02:12.428] [Server thread/INFO] [net.minecraft.server.MinecraftServer/]: Saving chunks for level 'ServerLevel[New World]'/privatedimension:private_dimension
[317月2026 07:02:12.446] [Server thread/INFO] [net.minecraft.server.MinecraftServer/]: ThreadedAnvilChunkStorage (world): All chunks are saved
[317月2026 07:02:12.446] [Server thread/INFO] [net.minecraft.server.MinecraftServer/]: ThreadedAnvilChunkStorage (DIM-1): All chunks are saved
[317月2026 07:02:12.446] [Server thread/INFO] [net.minecraft.server.MinecraftServer/]: ThreadedAnvilChunkStorage (DIM1): All chunks are saved
[317月2026 07:02:12.446] [Server thread/INFO] [net.minecraft.server.MinecraftServer/]: ThreadedAnvilChunkStorage (private_dimension): All chunks are saved
[317月2026 07:02:12.446] [Server thread/INFO] [net.minecraft.server.MinecraftServer/]: ThreadedAnvilChunkStorage: All dimensions are saved
[317月2026 07:02:12.448] [Server thread/INFO] [net.neoforged.neoforge.server.permission.PermissionAPI/]: Successfully initialized permission handler neoforge:default_handler
[317月2026 07:02:12.449] [Server thread/INFO] [privatedimension/]: プライベート次元ワールドを確認しました: privatedimension:private_dimension
[317月2026 07:02:13.006] [Server thread/INFO] [net.minecraft.server.level.progress.LoggingLevelLoadListener/]: Loading 49 chunks for player spawn...
[317月2026 07:02:13.006] [Server thread/INFO] [net.minecraft.server.level.progress.LoggingLevelLoadListener/]: Preparing spawn area: 16%
[317月2026 07:02:13.049] [Server thread/INFO] [net.minecraft.server.level.progress.LoggingLevelLoadListener/]: Preparing spawn area: 16%
[317月2026 07:02:13.300] [Server thread/INFO] [net.minecraft.server.level.progress.LoggingLevelLoadListener/]: Time elapsed: 904 ms
[317月2026 07:02:13.425] [Server thread/INFO] [net.minecraft.server.players.PlayerList/]: Dev[local:E:c74343b8] logged in with entity id 1954 at (-2.281206853464841, 81.0, 2.2962435533629892)
[317月2026 07:02:13.437] [Server thread/INFO] [net.minecraft.server.MinecraftServer/]: Dev joined the game
[317月2026 07:02:13.479] [Server thread/INFO] [net.minecraft.client.server.IntegratedServer/]: Changing view distance to 16, from 10
[317月2026 07:02:13.480] [Server thread/INFO] [net.minecraft.client.server.IntegratedServer/]: Changing simulation distance to 12, from 0
[317月2026 07:02:13.485] [Render thread/WARN] [net.minecraft.client.multiplayer.ClientPacketListener/]: Ignoring chat session from Dev due to missing Services public key
[317月2026 07:02:13.487] [Render thread/INFO] [net.minecraft.advancements.AdvancementTree/]: Loaded 33 advancements
[317月2026 07:02:26.350] [Server thread/INFO] [net.minecraft.client.server.IntegratedServer/]: Saving and pausing game...
[317月2026 07:02:26.367] [Server thread/INFO] [net.minecraft.server.MinecraftServer/]: Saving chunks for level 'ServerLevel[New World]'/minecraft:overworld
[317月2026 07:02:26.395] [Server thread/INFO] [net.minecraft.server.MinecraftServer/]: Saving chunks for level 'ServerLevel[New World]'/minecraft:the_nether
[317月2026 07:02:26.396] [Server thread/INFO] [net.minecraft.server.MinecraftServer/]: Saving chunks for level 'ServerLevel[New World]'/minecraft:the_end
[317月2026 07:02:26.397] [Server thread/INFO] [net.minecraft.server.MinecraftServer/]: Saving chunks for level 'ServerLevel[New World]'/privatedimension:private_dimension
[317月2026 07:02:26.903] [Server thread/INFO] [net.minecraft.server.MinecraftServer/]: Stopping server
[317月2026 07:02:26.903] [Server thread/INFO] [net.minecraft.server.MinecraftServer/]: Saving players
[317月2026 07:02:26.916] [Server thread/INFO] [net.minecraft.server.network.ServerGamePacketListenerImpl/]: Dev lost connection: Disconnected
[317月2026 07:02:26.917] [Server thread/INFO] [net.minecraft.server.MinecraftServer/]: Dev left the game
[317月2026 07:02:26.930] [Server thread/INFO] [net.minecraft.server.network.ServerCommonPacketListenerImpl/]: Stopping singleplayer server as player logged out
[317月2026 07:02:26.932] [Server thread/INFO] [net.minecraft.server.MinecraftServer/]: Saving worlds
[317月2026 07:02:27.167] [Server thread/INFO] [net.minecraft.server.MinecraftServer/]: Saving chunks for level 'ServerLevel[New World]'/minecraft:overworld
[317月2026 07:02:28.367] [Server thread/INFO] [net.minecraft.server.MinecraftServer/]: Saving chunks for level 'ServerLevel[New World]'/minecraft:the_nether
[317月2026 07:02:28.376] [Server thread/INFO] [net.minecraft.server.MinecraftServer/]: Saving chunks for level 'ServerLevel[New World]'/minecraft:the_end
[317月2026 07:02:28.386] [Server thread/INFO] [net.minecraft.server.MinecraftServer/]: Saving chunks for level 'ServerLevel[New World]'/privatedimension:private_dimension
[317月2026 07:02:28.406] [Server thread/INFO] [net.minecraft.server.MinecraftServer/]: ThreadedAnvilChunkStorage (world): All chunks are saved
[317月2026 07:02:28.406] [Server thread/INFO] [net.minecraft.server.MinecraftServer/]: ThreadedAnvilChunkStorage (DIM-1): All chunks are saved
[317月2026 07:02:28.407] [Server thread/INFO] [net.minecraft.server.MinecraftServer/]: ThreadedAnvilChunkStorage (DIM1): All chunks are saved
[317月2026 07:02:28.407] [Server thread/INFO] [net.minecraft.server.MinecraftServer/]: ThreadedAnvilChunkStorage (private_dimension): All chunks are saved
[317月2026 07:02:28.407] [Server thread/INFO] [net.minecraft.server.MinecraftServer/]: ThreadedAnvilChunkStorage: All dimensions are saved
[317月2026 07:02:28.987] [Render thread/INFO] [net.minecraft.client.Minecraft/]: Stopping!
