[07:31:04] [main/INFO] (FabricLoader/GameProvider) Loading Minecraft 1.21.5 with Fabric Loader 0.16.14
[07:31:05] [main/INFO] (FabricLoader) Loading 55 mods:
	- fabric-api 0.119.5+1.21.5
	- fabric-api-base 0.4.62+73a52b4b07
	- fabric-api-lookup-api-v1 1.6.95+86c3a9f107
	- fabric-biome-api-v1 16.0.7+2dd063df07
	- fabric-block-api-v1 1.0.37+86c3a9f107
	- fabric-block-view-api-v2 1.0.26+aa6d566c07
	- fabric-blockrenderlayer-v1 2.0.16+86c3a9f107
	- fabric-client-gametest-api-v1 4.1.10+f3ffa98907
	- fabric-client-tags-api-v1 1.1.37+86c3a9f107
	- fabric-command-api-v1 1.2.70+f71b366f07
	- fabric-command-api-v2 2.2.49+73a52b4b07
	- fabric-commands-v0 0.2.87+df3654b307
	- fabric-content-registries-v0 10.0.11+216530c807
	- fabric-convention-tags-v1 2.1.27+7f945d5b07
	- fabric-convention-tags-v2 2.14.1+277f99c707
	- fabric-crash-report-info-v1 0.3.12+86c3a9f107
	- fabric-data-attachment-api-v1 1.6.6+7b20cbb007
	- fabric-data-generation-api-v1 22.3.1+d94614b807
	- fabric-dimensions-v1 4.0.16+86c3a9f107
	- fabric-entity-events-v1 2.0.25+27c1078f07
	- fabric-events-interaction-v0 4.0.13+73a52b4b07
	- fabric-game-rule-api-v1 1.0.70+c327076a07
	- fabric-gametest-api-v1 3.1.1+7b20cbb007
	- fabric-item-api-v1 11.3.1+eeb42f0207
	- fabric-item-group-api-v1 4.2.8+3459fc6107
	- fabric-key-binding-api-v1 1.0.63+ecf51cdc07
	- fabric-keybindings-v0 0.2.61+df3654b307
	- fabric-lifecycle-events-v1 2.5.13+5cbce67307
	- fabric-loot-api-v2 3.0.47+3f89f5a507
	- fabric-loot-api-v3 1.0.35+86c3a9f107
	- fabric-message-api-v1 6.0.33+86c3a9f107
	- fabric-model-loading-api-v1 5.0.2+55bce67a07
	- fabric-networking-api-v1 4.4.0+f3ffa98907
	- fabric-object-builder-api-v1 21.0.0+7b20cbb007
	- fabric-particles-v1 4.0.22+86c3a9f107
	- fabric-recipe-api-v1 8.1.6+052a85d007
	- fabric-registry-sync-v0 6.1.20+b556383207
	- fabric-renderer-api-v1 6.0.0+55bce67a07
	- fabric-renderer-indigo 3.0.0+55bce67a07
	- fabric-rendering-data-attachment-v1 0.3.64+73761d2e07
	- fabric-rendering-fluids-v1 3.1.27+86c3a9f107
	- fabric-rendering-v1 11.1.11+081cc04307
	- fabric-resource-conditions-api-v1 5.0.21+73a52b4b07
	- fabric-resource-loader-v0 3.1.6+02ca679607
	- fabric-screen-api-v1 2.0.46+86c3a9f107
	- fabric-screen-handler-api-v1 1.3.127+c327076a07
	- fabric-sound-api-v1 1.0.38+86c3a9f107
	- fabric-tag-api-v1 1.0.16+ecf51cdc07
	- fabric-transfer-api-v1 5.4.23+7b20cbb007
	- fabric-transitive-access-wideners-v1 6.3.17+f17a180c07
	- fabricloader 0.16.14
	- java 21
	- minecraft 1.21.5
	- mixinextras 0.4.1
	- privatedimension 1.0.0
[07:31:05] [main/INFO] (FabricLoader/Mixin) SpongePowered MIXIN Subsystem Version=0.8.7 Source=file:/C:/Users/owner/.gradle/caches/modules-2/files-2.1/net.fabricmc/sponge-mixin/0.15.5+mixin.0.8.7/22f9eb729e216a091673a574a5906dc1b9027fb3/sponge-mixin-0.15.5+mixin.0.8.7.jar Service=Knot/Fabric Env=CLIENT
[07:31:05] [main/INFO] (FabricLoader/Mixin) Loaded Fabric development mappings for mixin remapper!
[07:31:05] [main/INFO] (FabricLoader/Mixin) Compatibility level set to JAVA_21
[07:31:08] [main/INFO] (FabricLoader/MixinExtras|Service) Initializing MixinExtras via com.llamalad7.mixinextras.service.MixinExtrasServiceImpl(version=0.4.1).
[07:31:12] [Datafixer Bootstrap/INFO] (Minecraft) 263 Datafixer optimizations took 2924 milliseconds
[07:31:22] [Render thread/INFO] (Minecraft) Environment: Environment[sessionHost=https://sessionserver.mojang.com, servicesHost=https://api.minecraftservices.com, name=PROD]
[07:31:22] [Render thread/INFO] (Minecraft) Setting user: Player130
[07:31:23] [Render thread/INFO] (Minecraft) [STDOUT]: [PD] onInitialize開始
[07:31:23] [Render thread/INFO] (privatedimension) アイテム登録開始
[07:31:23] [Render thread/INFO] (privatedimension) アイテム登録完了: privatedimension:dimension_bottle
[07:31:23] [Render thread/INFO] (privatedimension) PrivateDimension Mod が有効化されました！
[07:31:23] [Render thread/INFO] (privatedimension) PrivateDimension (Fabric) 初期化完了
[07:31:23] [Render thread/INFO] (Indigo) [Indigo] Registering Indigo renderer!
[07:31:24] [Render thread/INFO] (Minecraft) Backend library: LWJGL version 3.3.3-snapshot
[07:31:25] [Render thread/INFO] (Minecraft) Using optional rendering extensions: GL_KHR_debug, GL_ARB_vertex_attrib_binding, GL_ARB_direct_state_access
[07:31:26] [Render thread/INFO] (Minecraft) Reloading ResourceManager: vanilla, fabric, fabric-api, fabric-api-base, fabric-api-lookup-api-v1, fabric-biome-api-v1, fabric-block-api-v1, fabric-block-view-api-v2, fabric-blockrenderlayer-v1, fabric-client-gametest-api-v1, fabric-client-tags-api-v1, fabric-command-api-v1, fabric-command-api-v2, fabric-commands-v0, fabric-content-registries-v0, fabric-convention-tags-v1, fabric-convention-tags-v2, fabric-crash-report-info-v1, fabric-data-attachment-api-v1, fabric-data-generation-api-v1, fabric-dimensions-v1, fabric-entity-events-v1, fabric-events-interaction-v0, fabric-game-rule-api-v1, fabric-gametest-api-v1, fabric-item-api-v1, fabric-item-group-api-v1, fabric-key-binding-api-v1, fabric-keybindings-v0, fabric-lifecycle-events-v1, fabric-loot-api-v2, fabric-loot-api-v3, fabric-message-api-v1, fabric-model-loading-api-v1, fabric-networking-api-v1, fabric-object-builder-api-v1, fabric-particles-v1, fabric-recipe-api-v1, fabric-registry-sync-v0, fabric-renderer-api-v1, fabric-renderer-indigo, fabric-rendering-data-attachment-v1, fabric-rendering-fluids-v1, fabric-rendering-v1, fabric-resource-conditions-api-v1, fabric-resource-loader-v0, fabric-screen-api-v1, fabric-screen-handler-api-v1, fabric-sound-api-v1, fabric-tag-api-v1, fabric-transfer-api-v1, fabric-transitive-access-wideners-v1, fabricloader, privatedimension
[07:31:26] [Download-1/INFO] (Minecraft) Could not authorize you against Realms server: java.lang.RuntimeException: Failed to parse into SignedJWT: FabricMC
[07:31:26] [Download-1/ERROR] (Minecraft) Failed to fetch Realms feature flags
com.mojang.realmsclient.exception.RealmsServiceException: Realms authentication error with message 'java.lang.RuntimeException: Failed to parse into SignedJWT: FabricMC'
	at knot/com.mojang.realmsclient.client.RealmsClient.execute(RealmsClient.java:495) ~[minecraft-merged-5e5bca9d97-1.21.5-loom.mappings.1_21_5.layered+hash.2198-v2.jar:?]
	at knot/com.mojang.realmsclient.client.RealmsClient.fetchFeatureFlags(RealmsClient.java:177) ~[minecraft-merged-5e5bca9d97-1.21.5-loom.mappings.1_21_5.layered+hash.2198-v2.jar:?]
	at java.base/java.util.concurrent.CompletableFuture$AsyncSupply.run(CompletableFuture.java:1768) ~[?:?]
	at java.base/java.util.concurrent.ThreadPoolExecutor.runWorker(ThreadPoolExecutor.java:1144) ~[?:?]
	at java.base/java.util.concurrent.ThreadPoolExecutor$Worker.run(ThreadPoolExecutor.java:642) ~[?:?]
	at java.base/java.lang.Thread.run(Thread.java:1583) [?:?]
[07:31:26] [Worker-Main-4/INFO] (Minecraft) Found unifont_all_no_pua-16.0.01.hex, loading
[07:31:27] [Worker-Main-1/INFO] (Minecraft) Found unifont_jp_patch-16.0.01.hex, loading
[07:31:28] [Render thread/WARN] (Minecraft) minecraft:pipeline/entity_translucent_emissive shader program does not use sampler Sampler2 defined in the pipeline. This might be a bug.
[07:31:28] [Render thread/INFO] (Minecraft) OpenAL initialized on device OpenAL Soft on スピーカー (Realtek High Definition Audio)
[07:31:28] [Render thread/INFO] (Minecraft) Sound engine started
[07:31:28] [Render thread/INFO] (Minecraft) Created: 1024x512x4 minecraft:textures/atlas/blocks.png-atlas
[07:31:28] [Render thread/INFO] (Minecraft) Created: 256x256x4 minecraft:textures/atlas/signs.png-atlas
[07:31:28] [Render thread/INFO] (Minecraft) Created: 512x512x4 minecraft:textures/atlas/banner_patterns.png-atlas
[07:31:28] [Render thread/INFO] (Minecraft) Created: 512x512x4 minecraft:textures/atlas/shield_patterns.png-atlas
[07:31:28] [Render thread/INFO] (Minecraft) Created: 2048x1024x4 minecraft:textures/atlas/armor_trims.png-atlas
[07:31:28] [Render thread/INFO] (Minecraft) Created: 128x64x4 minecraft:textures/atlas/decorated_pot.png-atlas
[07:31:28] [Render thread/INFO] (Minecraft) Created: 256x256x4 minecraft:textures/atlas/chest.png-atlas
[07:31:28] [Render thread/INFO] (Minecraft) Created: 512x256x4 minecraft:textures/atlas/beds.png-atlas
[07:31:28] [Render thread/INFO] (Minecraft) Created: 512x256x4 minecraft:textures/atlas/shulker_boxes.png-atlas
[07:31:28] [Render thread/INFO] (Minecraft) Created: 64x64x0 minecraft:textures/atlas/map_decorations.png-atlas
[07:31:29] [Render thread/INFO] (Minecraft) Created: 512x256x0 minecraft:textures/atlas/particles.png-atlas
[07:31:29] [Render thread/INFO] (Minecraft) Created: 512x256x0 minecraft:textures/atlas/paintings.png-atlas
[07:31:29] [Render thread/INFO] (Minecraft) Created: 256x128x0 minecraft:textures/atlas/mob_effects.png-atlas
[07:31:29] [Render thread/INFO] (Minecraft) Created: 1024x512x0 minecraft:textures/atlas/gui.png-atlas
[07:31:53] [Render thread/INFO] (Minecraft) Loaded 1374 recipes
[07:31:53] [Render thread/INFO] (Minecraft) Loaded 1485 advancements
[07:31:54] [Render thread/INFO] (BiomeModificationImpl) Applied 0 biome modifications to 0 of 65 new biomes in 2.384 ms
[07:31:54] [Server thread/INFO] (Minecraft) Starting integrated minecraft server version 1.21.5
[07:31:54] [Server thread/INFO] (Minecraft) Generating keypair
[07:31:54] [Server thread/INFO] (Minecraft) Preparing start region for dimension minecraft:overworld
[07:31:55] [Render thread/INFO] (Minecraft) Preparing spawn area: 0%
[07:31:55] [Render thread/INFO] (Minecraft) Preparing spawn area: 0%
[07:31:55] [Render thread/INFO] (Minecraft) Preparing spawn area: 0%
[07:31:56] [Render thread/INFO] (Minecraft) Time elapsed: 1332 ms
[07:31:56] [Server thread/INFO] (privatedimension) プライベート次元ワールドを確認しました: privatedimension:private_dimension
[07:31:56] [Server thread/INFO] (privatedimension) 独自の.nbt構造物はここに配置してください（配置後 config.json の structureFile にファイル名を指定）: C:\Users\owner\IdeaProjects\PrivateDimention_mod\fabric\1215\run\saves\New World (4)\.\generated\privatedimension\structures
[07:31:56] [Server thread/INFO] (Minecraft) Changing view distance to 12, from 10
[07:31:56] [Server thread/INFO] (Minecraft) Changing simulation distance to 12, from 0
[07:31:57] [Server thread/INFO] (Minecraft) Player130[local:E:fa22f88a] logged in with entity id 118 at (0.5, 68.44338346790597, 150.5)
[07:31:57] [Server thread/INFO] (Minecraft) Player130 joined the game
[07:31:57] [Render thread/INFO] (Minecraft) Loaded 7 advancements
[07:32:07] [Server thread/INFO] (Minecraft) Saving and pausing game...
[07:32:07] [Server thread/INFO] (Minecraft) Saving chunks for level 'ServerLevel[New World]'/minecraft:overworld
[07:32:07] [Server thread/INFO] (Minecraft) Saving chunks for level 'ServerLevel[New World]'/privatedimension:private_dimension
[07:32:07] [Server thread/INFO] (Minecraft) Saving chunks for level 'ServerLevel[New World]'/minecraft:the_end
[07:32:07] [Server thread/INFO] (Minecraft) Saving chunks for level 'ServerLevel[New World]'/minecraft:the_nether
[07:32:08] [Server thread/INFO] (Minecraft) Player130 lost connection: Disconnected
[07:32:08] [Server thread/INFO] (Minecraft) Player130 left the game
[07:32:08] [Server thread/INFO] (Minecraft) Stopping singleplayer server as player logged out
[07:32:08] [Server thread/INFO] (Minecraft) Stopping server
[07:32:08] [Server thread/INFO] (Minecraft) Saving players
[07:32:08] [Server thread/INFO] (Minecraft) Saving worlds
[07:32:09] [Server thread/INFO] (Minecraft) Saving chunks for level 'ServerLevel[New World]'/minecraft:overworld
[07:32:09] [Server thread/INFO] (Minecraft) Saving chunks for level 'ServerLevel[New World]'/privatedimension:private_dimension
[07:32:09] [Server thread/INFO] (Minecraft) Saving chunks for level 'ServerLevel[New World]'/minecraft:the_end
[07:32:09] [Server thread/INFO] (Minecraft) Saving chunks for level 'ServerLevel[New World]'/minecraft:the_nether
[07:32:09] [Server thread/INFO] (Minecraft) ThreadedAnvilChunkStorage (New World (4)): All chunks are saved
[07:32:09] [Server thread/INFO] (Minecraft) ThreadedAnvilChunkStorage (private_dimension): All chunks are saved
[07:32:09] [Server thread/INFO] (Minecraft) ThreadedAnvilChunkStorage (DIM1): All chunks are saved
[07:32:09] [Server thread/INFO] (Minecraft) ThreadedAnvilChunkStorage (DIM-1): All chunks are saved
[07:32:09] [Server thread/INFO] (Minecraft) ThreadedAnvilChunkStorage: All dimensions are saved
[07:32:11] [Render thread/INFO] (Minecraft) Loaded 1374 recipes
[07:32:11] [Render thread/INFO] (Minecraft) Loaded 1485 advancements
[07:32:12] [Render thread/INFO] (BiomeModificationImpl) Applied 0 biome modifications to 0 of 65 new biomes in 468.0 μs
[07:32:12] [Server thread/INFO] (Minecraft) Starting integrated minecraft server version 1.21.5
[07:32:12] [Server thread/INFO] (Minecraft) Generating keypair
[07:32:12] [Server thread/INFO] (Minecraft) Preparing start region for dimension minecraft:overworld
[07:32:13] [Render thread/INFO] (Minecraft) Preparing spawn area: 0%
[07:32:13] [Render thread/INFO] (Minecraft) Preparing spawn area: 0%
[07:32:13] [Render thread/INFO] (Minecraft) Time elapsed: 993 ms
[07:32:13] [Server thread/INFO] (privatedimension) プライベート次元ワールドを確認しました: privatedimension:private_dimension
[07:32:13] [Server thread/INFO] (privatedimension) 独自の.nbt構造物はここに配置してください（配置後 config.json の structureFile にファイル名を指定）: C:\Users\owner\IdeaProjects\PrivateDimention_mod\fabric\1215\run\saves\New World (4)\.\generated\privatedimension\structures
[07:32:13] [Server thread/INFO] (Minecraft) Changing view distance to 12, from 10
[07:32:13] [Server thread/INFO] (Minecraft) Changing simulation distance to 12, from 0
[07:32:13] [Server thread/INFO] (Minecraft) Player130[local:E:50182dc0] logged in with entity id 237 at (0.5, 68.44338346790597, 150.5)
[07:32:13] [Server thread/INFO] (Minecraft) Player130 joined the game
[07:32:13] [Render thread/INFO] (Minecraft) Loaded 7 advancements
[07:32:13] [Render thread/INFO] (privatedimension) UseItemCallback fired: isClientSide=true
[07:32:13] [Server thread/INFO] (privatedimension) UseItemCallback fired: isClientSide=false
[07:32:18] [Render thread/INFO] (privatedimension) UseItemCallback fired: isClientSide=true
[07:32:18] [Server thread/INFO] (privatedimension) UseItemCallback fired: isClientSide=false
[07:32:18] [Server thread/INFO] (privatedimension) NbtStructurePlacer: 360ブロック配置完了 at BlockPos{x=-10, y=63, z=170}
[07:32:18] [Server thread/INFO] (privatedimension) 構造物配置完了: BlockPos{x=-10, y=63, z=170} placed=true
[07:32:21] [Server thread/INFO] (Minecraft) Saving and pausing game...
[07:32:21] [Server thread/INFO] (Minecraft) Saving chunks for level 'ServerLevel[New World]'/minecraft:overworld
[07:32:21] [Server thread/INFO] (Minecraft) Saving chunks for level 'ServerLevel[New World]'/privatedimension:private_dimension
[07:32:21] [Server thread/INFO] (Minecraft) Saving chunks for level 'ServerLevel[New World]'/minecraft:the_end
[07:32:21] [Server thread/INFO] (Minecraft) Saving chunks for level 'ServerLevel[New World]'/minecraft:the_nether
[07:32:24] [Server thread/INFO] (Minecraft) Player130 lost connection: Disconnected
[07:32:24] [Server thread/INFO] (Minecraft) Player130 left the game
[07:32:24] [Server thread/INFO] (Minecraft) Stopping singleplayer server as player logged out
[07:32:24] [Server thread/INFO] (Minecraft) Stopping server
[07:32:24] [Server thread/INFO] (Minecraft) Saving players
[07:32:24] [Server thread/INFO] (Minecraft) Saving worlds
[07:32:24] [Server thread/INFO] (Minecraft) Saving chunks for level 'ServerLevel[New World]'/minecraft:overworld
[07:32:24] [Server thread/INFO] (Minecraft) Saving chunks for level 'ServerLevel[New World]'/privatedimension:private_dimension
[07:32:24] [Server thread/INFO] (Minecraft) Saving chunks for level 'ServerLevel[New World]'/minecraft:the_end
[07:32:24] [Server thread/INFO] (Minecraft) Saving chunks for level 'ServerLevel[New World]'/minecraft:the_nether
[07:32:24] [Server thread/INFO] (Minecraft) ThreadedAnvilChunkStorage (New World (4)): All chunks are saved
[07:32:24] [Server thread/INFO] (Minecraft) ThreadedAnvilChunkStorage (private_dimension): All chunks are saved
[07:32:24] [Server thread/INFO] (Minecraft) ThreadedAnvilChunkStorage (DIM1): All chunks are saved
[07:32:24] [Server thread/INFO] (Minecraft) ThreadedAnvilChunkStorage (DIM-1): All chunks are saved
[07:32:24] [Server thread/INFO] (Minecraft) ThreadedAnvilChunkStorage: All dimensions are saved
[07:32:39] [Render thread/INFO] (Minecraft) Stopping!
