[07:12:56] [main/INFO] (FabricLoader/GameProvider) Loading Minecraft 26.1.2 with Fabric Loader 0.18.4
[07:12:56] [main/INFO] (FabricLoader/Mappings) Mappings not present!
[07:12:56] [main/INFO] (FabricLoader) Loading 51 mods:
	- fabric-api 0.150.0+26.1.2
	- fabric-api-base 2.0.3+ece063234c
	- fabric-api-lookup-api-v1 2.0.11+d5a053b64c
	- fabric-biome-api-v1 18.0.4+35c80edc4c
	- fabric-block-api-v1 3.0.2+ec56b6014c
	- fabric-block-getter-api-v2 2.0.6+ec56b6014c
	- fabric-client-gametest-api-v1 5.0.16+cef2a4834c
	- fabric-command-api-v2 3.0.5+e2bdee784c
	- fabric-content-registries-v0 11.2.0+76b0b6bb4c
	- fabric-convention-tags-v2 4.6.1+4f11f7994c
	- fabric-crash-report-info-v1 1.0.3+9f78a5a84c
	- fabric-creative-tab-api-v1 5.0.11+d871b99e4c
	- fabric-data-attachment-api-v1 2.2.7+44a0bd1d4c
	- fabric-data-generation-api-v1 24.2.1+73b1f9054c
	- fabric-debug-api-v1 1.0.1+c792624d4c
	- fabric-dimensions-v1 5.1.5+9cbf5da54c
	- fabric-entity-events-v1 5.0.2+e2bdee784c
	- fabric-events-interaction-v0 5.2.2+07b380be4c
	- fabric-game-rule-api-v1 4.0.5+d871b99e4c
	- fabric-gametest-api-v1 4.0.16+867b87624c
	- fabric-item-api-v1 14.1.2+73d134684c
	- fabric-key-mapping-api-v1 2.0.4+e2bdee784c
	- fabric-lifecycle-events-v1 4.1.0+6d50a0854c
	- fabric-loot-api-v3 3.0.12+00a1fba64c
	- fabric-menu-api-v1 2.0.13+d871b99e4c
	- fabric-message-api-v1 7.0.5+dae8ce3e4c
	- fabric-model-loading-api-v1 8.0.7+c80601bb4c
	- fabric-networking-api-v1 6.3.1+554860db4c
	- fabric-object-builder-api-v1 23.0.16+b95dd56e4c
	- fabric-particles-v1 5.0.15+b61fef434c
	- fabric-permission-api-v1 1.0.1+c3369b134c
	- fabric-recipe-api-v1 9.0.15+be4b75ae4c
	- fabric-registry-sync-v0 7.0.13+b61fef434c
	- fabric-renderer-api-v1 13.0.4+c80601bb4c
	- fabric-renderer-indigo 8.1.1+1403e82c4c
	- fabric-rendering-fluids-v1 6.0.1+d871b99e4c
	- fabric-rendering-v1 23.1.1+1403e82c4c
	- fabric-resource-conditions-api-v1 6.0.5+00a1fba64c
	- fabric-resource-loader-v0 3.3.17+4fc5413f4c
	- fabric-resource-loader-v1 2.0.10+7c44c7324c
	- fabric-screen-api-v1 5.0.1+d871b99e4c
	- fabric-serialization-api-v1 2.0.3+11a26f314c
	- fabric-sound-api-v1 2.0.4+11a26f314c
	- fabric-tag-api-v1 2.1.1+371cf5db4c
	- fabric-transfer-api-v1 8.0.5+357ea7334c
	- fabric-transitive-access-wideners-v1 8.1.1+7f80f93d4c
	- fabricloader 0.18.4
	- java 25
	- minecraft 26.1.2
	- mixinextras 0.5.0
	- privatedimension 1.0.0
[07:12:56] [main/WARN] (FabricLoader/ModRemap) Runtime mod remapping disabled due to no fabric.remapClasspathFile being specified. You may need to update loom.
[07:12:56] [main/INFO] (FabricLoader/Mixin) SpongePowered MIXIN Subsystem Version=0.8.7 Source=file:/C:/Users/owner/.gradle/caches/modules-2/files-2.1/net.fabricmc/sponge-mixin/0.17.0+mixin.0.8.7/cf31463202f72d03b0ef1e1e38e8ee71b7faaab6/sponge-mixin-0.17.0+mixin.0.8.7.jar Service=Knot/Fabric Env=CLIENT
[07:12:56] [main/WARN] (FabricLoader/Mixin) The requested compatibility level JAVA_25 is higher than the level supported by the active subsystem 'Knot/Fabric' which supports JAVA_22. This is not a supported configuration and instability may occur.
[07:12:56] [main/INFO] (FabricLoader/Mixin) Compatibility level set to JAVA_25
[07:12:58] [main/INFO] (FabricLoader/MixinExtras|Service) Initializing MixinExtras via com.llamalad7.mixinextras.service.MixinExtrasServiceImpl(version=0.5.0).
[07:13:01] [Datafixer Bootstrap/INFO] (Minecraft) 291 Datafixer optimizations took 884 milliseconds
[07:13:09] [Render thread/INFO] (Minecraft) Environment: Environment[sessionHost=https://sessionserver.mojang.com, servicesHost=https://api.minecraftservices.com, profilesHost=https://api.mojang.com, name=PROD]
[07:13:09] [Render thread/INFO] (Minecraft) Setting user: Player182
[07:13:09] [Render thread/INFO] (Minecraft) [STDOUT]: [PD] onInitialize開始
[07:13:09] [Render thread/INFO] (privatedimension) アイテム登録開始
[07:13:10] [Render thread/INFO] (privatedimension) アイテム登録完了: privatedimension:dimension_bottle
[07:13:10] [Render thread/INFO] (privatedimension) PrivateDimension Mod が有効化されました！
[07:13:10] [Render thread/INFO] (privatedimension) PrivateDimension (Fabric) 初期化完了
[07:13:10] [Render thread/INFO] (Indigo) [Indigo] Registering Indigo renderer!
[07:13:10] [Download-2/ERROR] (Minecraft) Failed to fetch user properties
com.mojang.authlib.exceptions.InvalidCredentialsException: Status: 401
	at knot//com.mojang.authlib.exceptions.MinecraftClientHttpException.toAuthenticationException(MinecraftClientHttpException.java:59)
	at knot//com.mojang.authlib.yggdrasil.YggdrasilUserApiService.fetchProperties(YggdrasilUserApiService.java:150)
	at knot//net.minecraft.client.Minecraft.lambda$new$1(Minecraft.java:459)
	at java.base/java.util.concurrent.CompletableFuture$AsyncSupply.run(CompletableFuture.java:1789)
	at java.base/java.util.concurrent.ThreadPoolExecutor.runWorker(ThreadPoolExecutor.java:1090)
	at java.base/java.util.concurrent.ThreadPoolExecutor$Worker.run(ThreadPoolExecutor.java:614)
	at java.base/java.lang.Thread.run(Thread.java:1474)
Caused by: com.mojang.authlib.exceptions.MinecraftClientHttpException: Status: 401
	at knot//com.mojang.authlib.minecraft.client.MinecraftClient.readInputStream(MinecraftClient.java:103)
	at knot//com.mojang.authlib.minecraft.client.MinecraftClient.get(MinecraftClient.java:56)
	at knot//com.mojang.authlib.yggdrasil.YggdrasilUserApiService.fetchProperties(YggdrasilUserApiService.java:121)
	... 5 more
[07:13:10] [Render thread/INFO] (Minecraft) Backend library: LWJGL version 3.4.1-snapshot
[07:13:11] [Render thread/INFO] (Minecraft) Using optional rendering extensions: GL_ARB_buffer_storage, GL_KHR_debug, GL_ARB_vertex_attrib_binding, GL_ARB_direct_state_access, GL_EXT_texture_filter_anisotropic
[07:13:13] [Render thread/INFO] (Minecraft) Reloading ResourceManager: vanilla, fabric-api, fabric-api-base, fabric-api-lookup-api-v1, fabric-biome-api-v1, fabric-block-api-v1, fabric-block-getter-api-v2, fabric-client-gametest-api-v1, fabric-command-api-v2, fabric-content-registries-v0, fabric-convention-tags-v2, fabric-crash-report-info-v1, fabric-creative-tab-api-v1, fabric-data-attachment-api-v1, fabric-data-generation-api-v1, fabric-debug-api-v1, fabric-dimensions-v1, fabric-entity-events-v1, fabric-events-interaction-v0, fabric-game-rule-api-v1, fabric-gametest-api-v1, fabric-item-api-v1, fabric-key-mapping-api-v1, fabric-lifecycle-events-v1, fabric-loot-api-v3, fabric-menu-api-v1, fabric-message-api-v1, fabric-model-loading-api-v1, fabric-networking-api-v1, fabric-object-builder-api-v1, fabric-particles-v1, fabric-permission-api-v1, fabric-recipe-api-v1, fabric-registry-sync-v0, fabric-renderer-api-v1, fabric-renderer-indigo, fabric-rendering-fluids-v1, fabric-rendering-v1, fabric-resource-conditions-api-v1, fabric-resource-loader-v0, fabric-resource-loader-v1, fabric-screen-api-v1, fabric-serialization-api-v1, fabric-sound-api-v1, fabric-tag-api-v1, fabric-transfer-api-v1, fabric-transitive-access-wideners-v1, fabricloader, privatedimension
[07:13:13] [Worker-Main-2/INFO] (Minecraft) Found unifont_pua-17.0.01.hex, loading
[07:13:13] [Worker-Main-6/INFO] (Minecraft) Found unifont_all_no_pua-17.0.01.hex, loading
[07:13:13] [Download-2/INFO] (Minecraft) Could not authorize you against Realms server: java.lang.RuntimeException: Failed to parse into SignedJWT: FabricMC
[07:13:13] [Download-2/ERROR] (Minecraft) Failed to fetch Realms feature flags
com.mojang.realmsclient.exception.RealmsServiceException: Realms authentication error with message 'java.lang.RuntimeException: Failed to parse into SignedJWT: FabricMC'
	at knot//com.mojang.realmsclient.client.RealmsClient.execute(RealmsClient.java:526)
	at knot//com.mojang.realmsclient.client.RealmsClient.fetchFeatureFlags(RealmsClient.java:186)
	at java.base/java.util.concurrent.CompletableFuture$AsyncSupply.run(CompletableFuture.java:1789)
	at java.base/java.util.concurrent.ThreadPoolExecutor.runWorker(ThreadPoolExecutor.java:1090)
	at java.base/java.util.concurrent.ThreadPoolExecutor$Worker.run(ThreadPoolExecutor.java:614)
	at java.base/java.lang.Thread.run(Thread.java:1474)
[07:13:13] [Worker-Main-10/INFO] (Minecraft) Found unifont_jp_patch-17.0.01.hex, loading
[07:13:14] [Render thread/INFO] (Minecraft) OpenAL initialized on device OpenAL Soft on スピーカー (Realtek High Definition Audio)
[07:13:14] [Render thread/INFO] (Minecraft) Sound engine started
[07:13:14] [Render thread/INFO] (Minecraft) Created: 512x256x0 minecraft:textures/atlas/particles.png-atlas
[07:13:14] [Render thread/INFO] (Minecraft) Created: 128x128x0 minecraft:textures/atlas/decorated_pot.png-atlas
[07:13:14] [Render thread/INFO] (Minecraft) Created: 2048x1024x0 minecraft:textures/atlas/armor_trims.png-atlas
[07:13:14] [Render thread/INFO] (Minecraft) Created: 512x256x0 minecraft:textures/atlas/paintings.png-atlas
[07:13:14] [Render thread/INFO] (Minecraft) Created: 1024x512x0 minecraft:textures/atlas/shield_patterns.png-atlas
[07:13:14] [Render thread/INFO] (Minecraft) Created: 2048x2048x4 minecraft:textures/atlas/blocks.png-atlas
[07:13:14] [Render thread/INFO] (Minecraft) Created: 512x512x0 minecraft:textures/atlas/chest.png-atlas
[07:13:14] [Render thread/INFO] (Minecraft) Created: 256x128x0 minecraft:textures/atlas/celestials.png-atlas
[07:13:14] [Render thread/INFO] (Minecraft) Created: 1024x512x0 minecraft:textures/atlas/banner_patterns.png-atlas
[07:13:14] [Render thread/INFO] (Minecraft) Created: 512x512x0 minecraft:textures/atlas/beds.png-atlas
[07:13:14] [Render thread/INFO] (Minecraft) Created: 1024x512x0 minecraft:textures/atlas/items.png-atlas
[07:13:15] [Render thread/INFO] (Minecraft) Created: 1024x1024x0 minecraft:textures/atlas/gui.png-atlas
[07:13:15] [Render thread/INFO] (Minecraft) Created: 128x64x0 minecraft:textures/atlas/map_decorations.png-atlas
[07:13:15] [Render thread/INFO] (Minecraft) Created: 512x256x0 minecraft:textures/atlas/signs.png-atlas
[07:13:15] [Render thread/INFO] (Minecraft) Created: 512x512x0 minecraft:textures/atlas/shulker_boxes.png-atlas
[07:13:15] [IO-Worker-1/INFO] (Minecraft) Could not authorize you against Realms server: java.lang.RuntimeException: Failed to parse into SignedJWT: FabricMC
[07:13:15] [IO-Worker-1/ERROR] (Minecraft) Couldn't connect to realms
com.mojang.realmsclient.exception.RealmsServiceException: Realms authentication error with message 'java.lang.RuntimeException: Failed to parse into SignedJWT: FabricMC'
	at knot//com.mojang.realmsclient.client.RealmsClient.execute(RealmsClient.java:526)
	at knot//com.mojang.realmsclient.client.RealmsClient.clientCompatible(RealmsClient.java:307)
	at knot//com.mojang.realmsclient.RealmsAvailability.lambda$check$0(RealmsAvailability.java:48)
	at java.base/java.util.concurrent.CompletableFuture$AsyncSupply.run(CompletableFuture.java:1789)
	at java.base/java.util.concurrent.ThreadPoolExecutor.runWorker(ThreadPoolExecutor.java:1090)
	at java.base/java.util.concurrent.ThreadPoolExecutor$Worker.run(ThreadPoolExecutor.java:614)
	at java.base/java.lang.Thread.run(Thread.java:1474)
[07:13:21] [Render thread/INFO] (Minecraft) Loaded 1516 recipes
[07:13:21] [Render thread/INFO] (Minecraft) Loaded 1618 advancements
[07:13:23] [Render thread/INFO] (BiomeModificationImpl) Applied 0 biome modifications to 0 of 65 new biomes in 1.989 ms
[07:13:23] [Server thread/INFO] (Minecraft) Starting integrated minecraft server version 26.1.2
[07:13:23] [Server thread/INFO] (Minecraft) Generating keypair
[07:13:24] [Server thread/INFO] (Minecraft) Loading 0 persistent chunks...
[07:13:24] [Server thread/INFO] (Minecraft) Preparing spawn area: 16%
[07:13:24] [Server thread/INFO] (Minecraft) Saving chunks for level 'ServerLevel[New World]'/minecraft:overworld
[07:13:25] [Server thread/INFO] (Minecraft) Saving chunks for level 'ServerLevel[New World]'/privatedimension:private_dimension
[07:13:25] [Server thread/INFO] (Minecraft) Saving chunks for level 'ServerLevel[New World]'/minecraft:the_end
[07:13:25] [Server thread/INFO] (Minecraft) Saving chunks for level 'ServerLevel[New World]'/minecraft:the_nether
[07:13:25] [Server thread/INFO] (Minecraft) ThreadedAnvilChunkStorage (world): All chunks are saved
[07:13:25] [Server thread/INFO] (Minecraft) ThreadedAnvilChunkStorage (private_dimension): All chunks are saved
[07:13:25] [Server thread/INFO] (Minecraft) ThreadedAnvilChunkStorage (DIM1): All chunks are saved
[07:13:25] [Server thread/INFO] (Minecraft) ThreadedAnvilChunkStorage (DIM-1): All chunks are saved
[07:13:25] [Server thread/INFO] (Minecraft) ThreadedAnvilChunkStorage: All dimensions are saved
[07:13:25] [Server thread/INFO] (privatedimension) プライベート次元ワールドを確認しました: privatedimension:private_dimension
[07:13:25] [Server thread/INFO] (Minecraft) Loading 49 chunks for player spawn...
[07:13:25] [Server thread/INFO] (Minecraft) Preparing spawn area: 16%
[07:13:25] [Server thread/INFO] (Minecraft) Preparing spawn area: 16%
[07:13:25] [Server thread/INFO] (Minecraft) Preparing spawn area: 16%
[07:13:26] [Server thread/INFO] (Minecraft) Time elapsed: 1808 ms
[07:13:26] [Server thread/INFO] (Minecraft) Player182[local:E:409c639a] logged in with entity id 2 at (3.9124430628908025, 68.0, 125.5673457230778)
[07:13:26] [Server thread/INFO] (Minecraft) Player182 joined the game
[07:13:26] [Server thread/INFO] (Minecraft) Player182 has made the advancement [Hot Stuff]
[07:13:26] [Server thread/INFO] (Minecraft) Player182 has made the advancement [Stone Age]
[07:13:26] [Server thread/INFO] (Minecraft) Changing view distance to 16, from 10
[07:13:26] [Server thread/INFO] (Minecraft) Changing simulation distance to 12, from 0
[07:13:26] [Render thread/INFO] (Minecraft) [System] [CHAT] Player182 has made the advancement [Hot Stuff]
[07:13:26] [Render thread/INFO] (Minecraft) [System] [CHAT] Player182 has made the advancement [Stone Age]
[07:13:26] [Render thread/INFO] (Minecraft) Loaded 33 advancements
[07:13:26] [Render thread/INFO] (Minecraft) Resizing Dynamic Transforms UBO, capacity limit of 2 reached during a single frame. New capacity will be 4.
[07:13:26] [Render thread/INFO] (Minecraft) Resizing Dynamic Transforms UBO, capacity limit of 4 reached during a single frame. New capacity will be 8.
[07:13:27] [Render thread/INFO] (Minecraft) Resizing Chunk Sections UBO, capacity limit of 2 reached during a single frame. New capacity will be 8.
[07:13:27] [Render thread/INFO] (Minecraft) Resizing Dynamic Transforms UBO, capacity limit of 8 reached during a single frame. New capacity will be 16.
[07:13:27] [Render thread/INFO] (Minecraft) Resizing Chunk Sections UBO, capacity limit of 8 reached during a single frame. New capacity will be 16.
[07:13:27] [Render thread/INFO] (Minecraft) Resizing Chunk Sections UBO, capacity limit of 16 reached during a single frame. New capacity will be 32.
[07:13:28] [Render thread/INFO] (Minecraft) Resizing Chunk Sections UBO, capacity limit of 32 reached during a single frame. New capacity will be 64.
[07:13:30] [Render thread/INFO] (Minecraft) Resizing Chunk Sections UBO, capacity limit of 64 reached during a single frame. New capacity will be 128.
[07:13:51] [Render thread/INFO] (privatedimension) ItemEvents.USE fired: isClientSide=true
[07:13:51] [Server thread/INFO] (privatedimension) ItemEvents.USE fired: isClientSide=false
[07:13:52] [Render thread/INFO] (Minecraft) Loaded 43 advancements
[07:13:53] [Render thread/INFO] (Minecraft) Resizing Chunk Sections UBO, capacity limit of 128 reached during a single frame. New capacity will be 256.
[07:13:55] [Render thread/INFO] (Minecraft) Resizing Chunk Sections UBO, capacity limit of 256 reached during a single frame. New capacity will be 512.
[07:13:58] [Render thread/INFO] (Minecraft) Resizing Chunk Sections UBO, capacity limit of 512 reached during a single frame. New capacity will be 1024.
[07:14:37] [Render thread/INFO] (privatedimension) ItemEvents.USE fired: isClientSide=true
[07:14:37] [Server thread/INFO] (privatedimension) ItemEvents.USE fired: isClientSide=false
[07:14:38] [Server thread/INFO] (privatedimension) NbtStructurePlacer: 110592ブロック配置完了 at BlockPos{x=-24, y=63, z=232}
[07:14:38] [Server thread/INFO] (privatedimension) 構造物配置完了: BlockPos{x=-24, y=63, z=232} placed=true
[07:14:40] [Render thread/INFO] (privatedimension) ItemEvents.USE fired: isClientSide=true
[07:14:40] [Server thread/INFO] (privatedimension) ItemEvents.USE fired: isClientSide=false
[07:14:46] [Server thread/INFO] (Minecraft) Saving and pausing game...
[07:14:46] [Server thread/INFO] (Minecraft) Saving chunks for level 'ServerLevel[New World]'/minecraft:overworld
[07:14:46] [Server thread/INFO] (Minecraft) Saving chunks for level 'ServerLevel[New World]'/privatedimension:private_dimension
[07:14:46] [Server thread/INFO] (Minecraft) Saving chunks for level 'ServerLevel[New World]'/minecraft:the_end
[07:14:46] [Server thread/INFO] (Minecraft) Saving chunks for level 'ServerLevel[New World]'/minecraft:the_nether
[07:14:47] [Server thread/INFO] (Minecraft) Stopping server
[07:14:47] [Server thread/INFO] (Minecraft) Saving players
[07:14:47] [Server thread/INFO] (Minecraft) Player182 lost connection: Disconnected
[07:14:47] [Server thread/INFO] (Minecraft) Player182 left the game
[07:14:47] [Server thread/INFO] (Minecraft) Stopping singleplayer server as player logged out
[07:14:47] [Server thread/INFO] (Minecraft) Saving worlds
[07:14:47] [Server thread/INFO] (Minecraft) Saving chunks for level 'ServerLevel[New World]'/minecraft:overworld
[07:14:47] [Server thread/INFO] (Minecraft) Saving chunks for level 'ServerLevel[New World]'/privatedimension:private_dimension
[07:14:47] [Server thread/INFO] (Minecraft) Saving chunks for level 'ServerLevel[New World]'/minecraft:the_end
[07:14:47] [Server thread/INFO] (Minecraft) Saving chunks for level 'ServerLevel[New World]'/minecraft:the_nether
[07:14:47] [Server thread/INFO] (Minecraft) ThreadedAnvilChunkStorage (world): All chunks are saved
[07:14:47] [Server thread/INFO] (Minecraft) ThreadedAnvilChunkStorage (private_dimension): All chunks are saved
[07:14:47] [Server thread/INFO] (Minecraft) ThreadedAnvilChunkStorage (DIM1): All chunks are saved
[07:14:47] [Server thread/INFO] (Minecraft) ThreadedAnvilChunkStorage (DIM-1): All chunks are saved
[07:14:47] [Server thread/INFO] (Minecraft) ThreadedAnvilChunkStorage: All dimensions are saved
[07:15:13] [Render thread/INFO] (Minecraft) Loaded 1516 recipes
[07:15:13] [Render thread/INFO] (Minecraft) Loaded 1618 advancements
[07:15:14] [Render thread/INFO] (BiomeModificationImpl) Applied 0 biome modifications to 0 of 65 new biomes in 354.8 μs
[07:15:14] [Server thread/INFO] (Minecraft) Starting integrated minecraft server version 26.1.2
[07:15:14] [Server thread/INFO] (Minecraft) Generating keypair
[07:15:14] [Server thread/INFO] (Minecraft) Loading 0 persistent chunks...
[07:15:14] [Server thread/INFO] (Minecraft) Saving chunks for level 'ServerLevel[New World]'/minecraft:overworld
[07:15:14] [Server thread/INFO] (Minecraft) Saving chunks for level 'ServerLevel[New World]'/privatedimension:private_dimension
[07:15:14] [Server thread/INFO] (Minecraft) Saving chunks for level 'ServerLevel[New World]'/minecraft:the_end
[07:15:14] [Server thread/INFO] (Minecraft) Saving chunks for level 'ServerLevel[New World]'/minecraft:the_nether
[07:15:14] [Server thread/INFO] (Minecraft) ThreadedAnvilChunkStorage (world): All chunks are saved
[07:15:14] [Server thread/INFO] (Minecraft) ThreadedAnvilChunkStorage (private_dimension): All chunks are saved
[07:15:14] [Server thread/INFO] (Minecraft) ThreadedAnvilChunkStorage (DIM1): All chunks are saved
[07:15:14] [Server thread/INFO] (Minecraft) ThreadedAnvilChunkStorage (DIM-1): All chunks are saved
[07:15:14] [Server thread/INFO] (Minecraft) ThreadedAnvilChunkStorage: All dimensions are saved
[07:15:14] [Server thread/INFO] (privatedimension) プライベート次元ワールドを確認しました: privatedimension:private_dimension
[07:15:15] [Server thread/INFO] (Minecraft) Loading 49 chunks for player spawn...
[07:15:15] [Server thread/INFO] (Minecraft) Preparing spawn area: 16%
[07:15:15] [Server thread/INFO] (Minecraft) Preparing spawn area: 45%
[07:15:16] [Server thread/INFO] (Minecraft) Preparing spawn area: 100%
[07:15:16] [Server thread/INFO] (Minecraft) Time elapsed: 1152 ms
[07:15:16] [Server thread/INFO] (Minecraft) Player182[local:E:f9bad809] logged in with entity id 1626 at (0.31663610758476785, 62.0, 0.08777156066065989)
[07:15:16] [Server thread/INFO] (Minecraft) Player182 joined the game
[07:15:16] [Server thread/INFO] (Minecraft) Changing view distance to 16, from 10
[07:15:16] [Server thread/INFO] (Minecraft) Changing simulation distance to 12, from 0
[07:15:16] [Render thread/INFO] (Minecraft) Loaded 43 advancements
[07:15:20] [Render thread/INFO] (privatedimension) ItemEvents.USE fired: isClientSide=true
[07:15:20] [Server thread/INFO] (privatedimension) ItemEvents.USE fired: isClientSide=false
[07:15:27] [Render thread/INFO] (privatedimension) ItemEvents.USE fired: isClientSide=true
[07:15:27] [Server thread/INFO] (privatedimension) ItemEvents.USE fired: isClientSide=false
[07:15:34] [Render thread/INFO] (privatedimension) ItemEvents.USE fired: isClientSide=true
[07:15:34] [Server thread/INFO] (privatedimension) ItemEvents.USE fired: isClientSide=false
[07:15:36] [Server thread/INFO] (Minecraft) Saving and pausing game...
[07:15:36] [Server thread/INFO] (Minecraft) Saving chunks for level 'ServerLevel[New World]'/minecraft:overworld
[07:15:36] [Server thread/INFO] (Minecraft) Saving chunks for level 'ServerLevel[New World]'/privatedimension:private_dimension
[07:15:36] [Server thread/INFO] (Minecraft) Saving chunks for level 'ServerLevel[New World]'/minecraft:the_end
[07:15:36] [Server thread/INFO] (Minecraft) Saving chunks for level 'ServerLevel[New World]'/minecraft:the_nether
[07:15:37] [Server thread/INFO] (Minecraft) Stopping server
[07:15:37] [Server thread/INFO] (Minecraft) Saving players
[07:15:37] [Server thread/INFO] (Minecraft) Player182 lost connection: Disconnected
[07:15:37] [Server thread/INFO] (Minecraft) Player182 left the game
[07:15:37] [Server thread/INFO] (Minecraft) Stopping singleplayer server as player logged out
[07:15:37] [Server thread/INFO] (Minecraft) Saving worlds
[07:15:37] [Server thread/INFO] (Minecraft) Saving chunks for level 'ServerLevel[New World]'/minecraft:overworld
[07:15:37] [Server thread/INFO] (Minecraft) Saving chunks for level 'ServerLevel[New World]'/privatedimension:private_dimension
[07:15:37] [Server thread/INFO] (Minecraft) Saving chunks for level 'ServerLevel[New World]'/minecraft:the_end
[07:15:37] [Server thread/INFO] (Minecraft) Saving chunks for level 'ServerLevel[New World]'/minecraft:the_nether
[07:15:37] [Server thread/INFO] (Minecraft) ThreadedAnvilChunkStorage (world): All chunks are saved
[07:15:37] [Server thread/INFO] (Minecraft) ThreadedAnvilChunkStorage (private_dimension): All chunks are saved
[07:15:37] [Server thread/INFO] (Minecraft) ThreadedAnvilChunkStorage (DIM1): All chunks are saved
[07:15:37] [Server thread/INFO] (Minecraft) ThreadedAnvilChunkStorage (DIM-1): All chunks are saved
[07:15:37] [Server thread/INFO] (Minecraft) ThreadedAnvilChunkStorage: All dimensions are saved
[07:15:41] [Render thread/INFO] (Minecraft) Loaded 1516 recipes
[07:15:41] [Render thread/INFO] (Minecraft) Loaded 1618 advancements
[07:15:41] [Render thread/INFO] (BiomeModificationImpl) Applied 0 biome modifications to 0 of 65 new biomes in 264.2 μs
[07:15:42] [Server thread/INFO] (Minecraft) Starting integrated minecraft server version 26.1.2
[07:15:42] [Server thread/INFO] (Minecraft) Generating keypair
[07:15:42] [Server thread/INFO] (Minecraft) Loading 0 persistent chunks...
[07:15:42] [Server thread/INFO] (Minecraft) Saving chunks for level 'ServerLevel[New World]'/minecraft:overworld
[07:15:42] [Server thread/INFO] (Minecraft) Saving chunks for level 'ServerLevel[New World]'/privatedimension:private_dimension
[07:15:42] [Server thread/INFO] (Minecraft) Saving chunks for level 'ServerLevel[New World]'/minecraft:the_end
[07:15:42] [Server thread/INFO] (Minecraft) Saving chunks for level 'ServerLevel[New World]'/minecraft:the_nether
[07:15:42] [Server thread/INFO] (Minecraft) ThreadedAnvilChunkStorage (world): All chunks are saved
[07:15:42] [Server thread/INFO] (Minecraft) ThreadedAnvilChunkStorage (private_dimension): All chunks are saved
[07:15:42] [Server thread/INFO] (Minecraft) ThreadedAnvilChunkStorage (DIM1): All chunks are saved
[07:15:42] [Server thread/INFO] (Minecraft) ThreadedAnvilChunkStorage (DIM-1): All chunks are saved
[07:15:42] [Server thread/INFO] (Minecraft) ThreadedAnvilChunkStorage: All dimensions are saved
[07:15:42] [Server thread/INFO] (privatedimension) プライベート次元ワールドを確認しました: privatedimension:private_dimension
[07:15:42] [Server thread/INFO] (Minecraft) Loading 49 chunks for player spawn...
[07:15:42] [Server thread/INFO] (Minecraft) Preparing spawn area: 16%
[07:15:42] [Server thread/INFO] (Minecraft) Preparing spawn area: 16%
[07:15:42] [Server thread/INFO] (Minecraft) Time elapsed: 903 ms
[07:15:43] [Server thread/INFO] (Minecraft) Player182[local:E:fdf8c255] logged in with entity id 3175 at (0.6638846472499467, 68.0, 258.76493185817293)
[07:15:43] [Server thread/INFO] (Minecraft) Player182 joined the game
[07:15:43] [Server thread/INFO] (Minecraft) Changing view distance to 16, from 10
[07:15:43] [Server thread/INFO] (Minecraft) Changing simulation distance to 12, from 0
[07:15:43] [Render thread/INFO] (Minecraft) Loaded 43 advancements
[07:16:45] [Server thread/INFO] (Minecraft) [Player182: Killed 16 entities]
[07:16:45] [Render thread/INFO] (Minecraft) [System] [CHAT] Killed 16 entities
[07:16:46] [Render thread/INFO] (privatedimension) ItemEvents.USE fired: isClientSide=true
[07:16:46] [Server thread/INFO] (privatedimension) ItemEvents.USE fired: isClientSide=false
[07:17:05] [Render thread/INFO] (privatedimension) ItemEvents.USE fired: isClientSide=true
[07:17:05] [Server thread/INFO] (privatedimension) ItemEvents.USE fired: isClientSide=false
[07:17:05] [Server thread/INFO] (privatedimension) TeleportTransition API: class=net.minecraft.world.level.portal.TeleportTransition, ctor=6params, method=teleport
[07:17:08] [Render thread/INFO] (privatedimension) ItemEvents.USE fired: isClientSide=true
[07:17:08] [Server thread/INFO] (privatedimension) ItemEvents.USE fired: isClientSide=false
[07:18:05] [Render thread/INFO] (privatedimension) ItemEvents.USE fired: isClientSide=true
[07:18:05] [Server thread/INFO] (privatedimension) ItemEvents.USE fired: isClientSide=false
[07:18:09] [Render thread/INFO] (privatedimension) ItemEvents.USE fired: isClientSide=true
[07:18:09] [Server thread/INFO] (privatedimension) ItemEvents.USE fired: isClientSide=false
[07:18:16] [Render thread/INFO] (privatedimension) ItemEvents.USE fired: isClientSide=true
[07:18:16] [Server thread/INFO] (privatedimension) ItemEvents.USE fired: isClientSide=false
[07:18:22] [Render thread/INFO] (Minecraft) [System] [CHAT] Killed 21 entities
[07:18:22] [Server thread/INFO] (Minecraft) [Player182: Killed 21 entities]
[07:18:28] [Server thread/INFO] (Minecraft) Saving and pausing game...
[07:18:28] [Server thread/INFO] (Minecraft) Saving chunks for level 'ServerLevel[New World]'/minecraft:overworld
[07:18:28] [Server thread/INFO] (Minecraft) Saving chunks for level 'ServerLevel[New World]'/privatedimension:private_dimension
[07:18:28] [Server thread/INFO] (Minecraft) Saving chunks for level 'ServerLevel[New World]'/minecraft:the_end
[07:18:28] [Server thread/INFO] (Minecraft) Saving chunks for level 'ServerLevel[New World]'/minecraft:the_nether
[07:18:29] [Server thread/INFO] (Minecraft) Player182 lost connection: Disconnected
[07:18:29] [Server thread/INFO] (Minecraft) Player182 left the game
[07:18:29] [Server thread/INFO] (Minecraft) Stopping singleplayer server as player logged out
[07:18:29] [Server thread/INFO] (Minecraft) Stopping server
[07:18:29] [Server thread/INFO] (Minecraft) Saving players
[07:18:29] [Server thread/INFO] (Minecraft) Saving worlds
[07:18:29] [Server thread/INFO] (Minecraft) Saving chunks for level 'ServerLevel[New World]'/minecraft:overworld
[07:18:29] [Server thread/INFO] (Minecraft) Saving chunks for level 'ServerLevel[New World]'/privatedimension:private_dimension
[07:18:29] [Server thread/INFO] (Minecraft) Saving chunks for level 'ServerLevel[New World]'/minecraft:the_end
[07:18:29] [Server thread/INFO] (Minecraft) Saving chunks for level 'ServerLevel[New World]'/minecraft:the_nether
[07:18:29] [Server thread/INFO] (Minecraft) ThreadedAnvilChunkStorage (world): All chunks are saved
[07:18:29] [Server thread/INFO] (Minecraft) ThreadedAnvilChunkStorage (private_dimension): All chunks are saved
[07:18:29] [Server thread/INFO] (Minecraft) ThreadedAnvilChunkStorage (DIM1): All chunks are saved
[07:18:29] [Server thread/INFO] (Minecraft) ThreadedAnvilChunkStorage (DIM-1): All chunks are saved
[07:18:29] [Server thread/INFO] (Minecraft) ThreadedAnvilChunkStorage: All dimensions are saved
[07:18:30] [Render thread/INFO] (Minecraft) Stopping!
