[20:40:07] [main/INFO] (FabricLoader/GameProvider) Loading Minecraft 1.21.10 with Fabric Loader 0.17.2
[20:40:08] [main/INFO] (FabricLoader) Loading 51 mods:
	- fabric-api 0.134.1+1.21.10
	- fabric-api-base 1.0.0+14b92d8968
	- fabric-api-lookup-api-v1 1.6.106+d176821568
	- fabric-biome-api-v1 16.1.0+c2417d4f68
	- fabric-block-api-v1 1.1.5+d176821568
	- fabric-block-view-api-v2 1.0.34+e4fd1b9268
	- fabric-client-gametest-api-v1 4.2.13+14b92d8968
	- fabric-command-api-v2 2.3.7+328a75ba68
	- fabric-content-registries-v0 10.2.3+b6a2426468
	- fabric-convention-tags-v1 2.1.47+7f945d5b68
	- fabric-convention-tags-v2 2.15.12+3154c1c868
	- fabric-crash-report-info-v1 0.3.18+33df5e6e68
	- fabric-data-attachment-api-v1 1.8.28+9bce411b68
	- fabric-data-generation-api-v1 23.2.22+d8b85ef168
	- fabric-dimensions-v1 4.0.22+38b9cc1968
	- fabric-entity-events-v1 2.1.12+14b92d8968
	- fabric-events-interaction-v0 4.0.35+5ba2171268
	- fabric-game-rule-api-v1 1.1.1+e47eaae568
	- fabric-gametest-api-v1 3.1.18+33df5e6e68
	- fabric-item-api-v1 11.5.8+9bce411b68
	- fabric-item-group-api-v1 4.2.24+86b3ae5768
	- fabric-key-binding-api-v1 1.1.1+b3ba9c4868
	- fabric-lifecycle-events-v1 2.6.9+33df5e6e68
	- fabric-loot-api-v2 3.0.64+3f89f5a568
	- fabric-loot-api-v3 2.0.11+d176821568
	- fabric-message-api-v1 6.1.7+3154c1c868
	- fabric-model-loading-api-v1 6.0.0+3ffd6ef068
	- fabric-networking-api-v1 5.0.13+d269470c68
	- fabric-object-builder-api-v1 21.1.24+9bce411b68
	- fabric-particles-v1 4.2.2+a0ee59a468
	- fabric-recipe-api-v1 8.1.26+d176821568
	- fabric-registry-sync-v0 6.1.41+679c8c5c68
	- fabric-renderer-api-v1 7.1.1+328a75ba68
	- fabric-renderer-indigo 4.0.19+328a75ba68
	- fabric-rendering-fluids-v1 3.1.38+86b3ae5768
	- fabric-rendering-v1 16.0.1+328a75ba68
	- fabric-resource-conditions-api-v1 5.0.28+33df5e6e68
	- fabric-resource-loader-v0 3.2.2+3388a3b268
	- fabric-resource-loader-v1 1.0.2+225bca4068
	- fabric-screen-api-v1 3.1.0+9c82a79868
	- fabric-screen-handler-api-v1 1.3.150+d176821568
	- fabric-serialization-api-v1 1.0.0+d857c97668
	- fabric-sound-api-v1 1.0.45+328a75ba68
	- fabric-tag-api-v1 1.2.10+2fa446b268
	- fabric-transfer-api-v1 6.0.15+79ec2c1268
	- fabric-transitive-access-wideners-v1 6.5.3+41eb434368
	- fabricloader 0.17.2
	- java 21
	- minecraft 1.21.10
	- mixinextras 0.5.0
	- privatedimension 1.0.0
[20:40:08] [main/INFO] (FabricLoader/Mixin) SpongePowered MIXIN Subsystem Version=0.8.7 Source=file:/C:/Users/owner/.gradle/caches/modules-2/files-2.1/net.fabricmc/sponge-mixin/0.16.3+mixin.0.8.7/3e535042688d1265447e52ad86950b7d9678a5fa/sponge-mixin-0.16.3+mixin.0.8.7.jar Service=Knot/Fabric Env=CLIENT
[20:40:09] [main/INFO] (FabricLoader/Mixin) Loaded Fabric development mappings for mixin remapper!
[20:40:09] [main/INFO] (FabricLoader/Mixin) Compatibility level set to JAVA_21
[20:40:12] [main/INFO] (FabricLoader/MixinExtras|Service) Initializing MixinExtras via com.llamalad7.mixinextras.service.MixinExtrasServiceImpl(version=0.5.0).
[20:40:15] [Datafixer Bootstrap/INFO] (Minecraft) 278 Datafixer optimizations took 1617 milliseconds
[20:40:30] [Render thread/INFO] (Minecraft) Environment: Environment[sessionHost=https://sessionserver.mojang.com, servicesHost=https://api.minecraftservices.com, profilesHost=https://api.mojang.com, name=PROD]
[20:40:30] [Render thread/INFO] (Minecraft) Setting user: Player75
[20:40:30] [Render thread/INFO] (Minecraft) [STDOUT]: [PD] onInitialize開始
[20:40:30] [Render thread/INFO] (privatedimension) アイテム登録開始
[20:40:30] [Render thread/INFO] (privatedimension) アイテム登録完了: privatedimension:dimension_bottle
[20:40:30] [Render thread/INFO] (privatedimension) PrivateDimension Mod が有効化されました！
[20:40:30] [Render thread/INFO] (privatedimension) PrivateDimension (Fabric) 初期化完了
[20:40:31] [Render thread/INFO] (Indigo) [Indigo] Registering Indigo renderer!
[20:40:31] [Download-2/ERROR] (Minecraft) Failed to fetch user properties
com.mojang.authlib.exceptions.InvalidCredentialsException: Status: 401
	at knot/com.mojang.authlib.exceptions.MinecraftClientHttpException.toAuthenticationException(MinecraftClientHttpException.java:59) ~[authlib-7.0.61.jar:?]
	at knot/com.mojang.authlib.yggdrasil.YggdrasilUserApiService.fetchProperties(YggdrasilUserApiService.java:150) ~[authlib-7.0.61.jar:?]
	at knot/net.minecraft.client.Minecraft.method_55608(Minecraft.java:465) ~[minecraft-merged-42d054c137-1.21.10-loom.mappings.1_21_10.layered+hash.2198-v2.jar:?]
	at java.base/java.util.concurrent.CompletableFuture$AsyncSupply.run$$$capture(CompletableFuture.java:1768) ~[?:?]
	at java.base/java.util.concurrent.CompletableFuture$AsyncSupply.run(CompletableFuture.java) ~[?:?]
	at java.base/java.util.concurrent.ThreadPoolExecutor.runWorker(ThreadPoolExecutor.java:1144) ~[?:?]
	at java.base/java.util.concurrent.ThreadPoolExecutor$Worker.run(ThreadPoolExecutor.java:642) ~[?:?]
	at java.base/java.lang.Thread.run(Thread.java:1583) [?:?]
Caused by: com.mojang.authlib.exceptions.MinecraftClientHttpException: Status: 401
	at knot/com.mojang.authlib.minecraft.client.MinecraftClient.readInputStream(MinecraftClient.java:103) ~[authlib-7.0.61.jar:?]
	at knot/com.mojang.authlib.minecraft.client.MinecraftClient.get(MinecraftClient.java:56) ~[authlib-7.0.61.jar:?]
	at knot/com.mojang.authlib.yggdrasil.YggdrasilUserApiService.fetchProperties(YggdrasilUserApiService.java:121) ~[authlib-7.0.61.jar:?]
	... 6 more
[20:40:32] [Render thread/ERROR] (Minecraft) Couldn't load privatedimension pack metadata: Pack version declaration mismatch between supported_formats (up to 74) and max_format (999.*)
[20:40:32] [Render thread/INFO] (Minecraft) Backend library: LWJGL version 3.3.3-snapshot
[20:40:33] [Render thread/INFO] (Minecraft) Using optional rendering extensions: GL_ARB_buffer_storage, GL_KHR_debug, GL_ARB_vertex_attrib_binding, GL_ARB_direct_state_access
[20:40:34] [Render thread/ERROR] (Minecraft) Couldn't load privatedimension pack metadata: Pack version declaration mismatch between supported_formats (up to 74) and max_format (999.*)
[20:40:36] [Download-2/INFO] (Minecraft) Could not authorize you against Realms server: java.lang.RuntimeException: Failed to parse into SignedJWT: FabricMC
[20:40:36] [Download-2/ERROR] (Minecraft) Failed to fetch Realms feature flags
com.mojang.realmsclient.exception.RealmsServiceException: Realms authentication error with message 'java.lang.RuntimeException: Failed to parse into SignedJWT: FabricMC'
	at knot/com.mojang.realmsclient.client.RealmsClient.execute(RealmsClient.java:536) ~[minecraft-merged-42d054c137-1.21.10-loom.mappings.1_21_10.layered+hash.2198-v2.jar:?]
	at knot/com.mojang.realmsclient.client.RealmsClient.fetchFeatureFlags(RealmsClient.java:189) ~[minecraft-merged-42d054c137-1.21.10-loom.mappings.1_21_10.layered+hash.2198-v2.jar:?]
	at java.base/java.util.concurrent.CompletableFuture$AsyncSupply.run$$$capture(CompletableFuture.java:1768) ~[?:?]
	at java.base/java.util.concurrent.CompletableFuture$AsyncSupply.run(CompletableFuture.java) ~[?:?]
	at java.base/java.util.concurrent.ThreadPoolExecutor.runWorker(ThreadPoolExecutor.java:1144) ~[?:?]
	at java.base/java.util.concurrent.ThreadPoolExecutor$Worker.run(ThreadPoolExecutor.java:642) ~[?:?]
	at java.base/java.lang.Thread.run(Thread.java:1583) [?:?]
[20:40:36] [Render thread/INFO] (Minecraft) Reloading ResourceManager: vanilla, fabric, fabric-api, fabric-api-base, fabric-api-lookup-api-v1, fabric-biome-api-v1, fabric-block-api-v1, fabric-block-view-api-v2, fabric-client-gametest-api-v1, fabric-command-api-v2, fabric-content-registries-v0, fabric-convention-tags-v1, fabric-convention-tags-v2, fabric-crash-report-info-v1, fabric-data-attachment-api-v1, fabric-data-generation-api-v1, fabric-dimensions-v1, fabric-entity-events-v1, fabric-events-interaction-v0, fabric-game-rule-api-v1, fabric-gametest-api-v1, fabric-item-api-v1, fabric-item-group-api-v1, fabric-key-binding-api-v1, fabric-lifecycle-events-v1, fabric-loot-api-v2, fabric-loot-api-v3, fabric-message-api-v1, fabric-model-loading-api-v1, fabric-networking-api-v1, fabric-object-builder-api-v1, fabric-particles-v1, fabric-recipe-api-v1, fabric-registry-sync-v0, fabric-renderer-api-v1, fabric-renderer-indigo, fabric-rendering-fluids-v1, fabric-rendering-v1, fabric-resource-conditions-api-v1, fabric-resource-loader-v0, fabric-resource-loader-v1, fabric-screen-api-v1, fabric-screen-handler-api-v1, fabric-serialization-api-v1, fabric-sound-api-v1, fabric-tag-api-v1, fabric-transfer-api-v1, fabric-transitive-access-wideners-v1, fabricloader, privatedimension
[20:40:37] [Worker-Main-8/INFO] (Minecraft) Found unifont_all_no_pua-16.0.03.hex, loading
[20:40:37] [Worker-Main-4/INFO] (Minecraft) Found unifont_pua-16.0.03.hex, loading
[20:40:37] [Worker-Main-2/INFO] (Minecraft) Found unifont_jp_patch-16.0.03.hex, loading
[20:40:38] [Render thread/INFO] (Minecraft) OpenAL initialized on device OpenAL Soft on スピーカー (Realtek High Definition Audio)
[20:40:38] [Render thread/INFO] (Minecraft) Sound engine started
[20:40:38] [Render thread/INFO] (Minecraft) Created: 512x256x0 minecraft:textures/atlas/particles.png-atlas
[20:40:38] [Render thread/INFO] (Minecraft) Created: 128x64x0 minecraft:textures/atlas/decorated_pot.png-atlas
[20:40:38] [Render thread/INFO] (Minecraft) Created: 2048x1024x0 minecraft:textures/atlas/armor_trims.png-atlas
[20:40:38] [Render thread/INFO] (Minecraft) Created: 512x256x0 minecraft:textures/atlas/paintings.png-atlas
[20:40:38] [Render thread/INFO] (Minecraft) Created: 512x512x0 minecraft:textures/atlas/shield_patterns.png-atlas
[20:40:38] [Render thread/INFO] (Minecraft) Created: 1024x512x4 minecraft:textures/atlas/blocks.png-atlas
[20:40:38] [Render thread/INFO] (Minecraft) Created: 512x256x0 minecraft:textures/atlas/chest.png-atlas
[20:40:38] [Render thread/INFO] (Minecraft) Created: 512x512x0 minecraft:textures/atlas/banner_patterns.png-atlas
[20:40:38] [Render thread/INFO] (Minecraft) Created: 512x256x0 minecraft:textures/atlas/beds.png-atlas
[20:40:38] [Render thread/INFO] (Minecraft) Created: 1024x512x0 minecraft:textures/atlas/gui.png-atlas
[20:40:38] [Render thread/INFO] (Minecraft) Created: 64x64x0 minecraft:textures/atlas/map_decorations.png-atlas
[20:40:38] [Render thread/INFO] (Minecraft) Created: 256x256x0 minecraft:textures/atlas/signs.png-atlas
[20:40:38] [Render thread/INFO] (Minecraft) Created: 512x256x0 minecraft:textures/atlas/shulker_boxes.png-atlas
[20:40:39] [IO-Worker-1/INFO] (Minecraft) Could not authorize you against Realms server: java.lang.RuntimeException: Failed to parse into SignedJWT: FabricMC
[20:40:39] [IO-Worker-1/ERROR] (Minecraft) Couldn't connect to realms
com.mojang.realmsclient.exception.RealmsServiceException: Realms authentication error with message 'java.lang.RuntimeException: Failed to parse into SignedJWT: FabricMC'
	at knot/com.mojang.realmsclient.client.RealmsClient.execute(RealmsClient.java:536) ~[minecraft-merged-42d054c137-1.21.10-loom.mappings.1_21_10.layered+hash.2198-v2.jar:?]
	at knot/com.mojang.realmsclient.client.RealmsClient.clientCompatible(RealmsClient.java:316) ~[minecraft-merged-42d054c137-1.21.10-loom.mappings.1_21_10.layered+hash.2198-v2.jar:?]
	at knot/com.mojang.realmsclient.RealmsAvailability.method_52627(RealmsAvailability.java:49) ~[minecraft-merged-42d054c137-1.21.10-loom.mappings.1_21_10.layered+hash.2198-v2.jar:?]
	at java.base/java.util.concurrent.CompletableFuture$AsyncSupply.run$$$capture(CompletableFuture.java:1768) ~[?:?]
	at java.base/java.util.concurrent.CompletableFuture$AsyncSupply.run(CompletableFuture.java) ~[?:?]
	at java.base/java.util.concurrent.ThreadPoolExecutor.runWorker(ThreadPoolExecutor.java:1144) ~[?:?]
	at java.base/java.util.concurrent.ThreadPoolExecutor$Worker.run(ThreadPoolExecutor.java:642) ~[?:?]
	at java.base/java.lang.Thread.run(Thread.java:1583) [?:?]
[20:40:47] [Render thread/INFO] (Minecraft) Stopping!
