[20:52:51] [main/INFO] (FabricLoader/GameProvider) Loading Minecraft 1.21.11 with Fabric Loader 0.17.3
[20:52:52] [main/INFO] (FabricLoader) Loading 51 mods:
	- fabric-api 0.141.4+1.21.11
	- fabric-api-base 1.0.5+4ebb5c083e
	- fabric-api-lookup-api-v1 1.6.114+20dc27073e
	- fabric-biome-api-v1 17.1.1+4fc5413f3e
	- fabric-block-api-v1 1.1.10+4ebb5c083e
	- fabric-block-view-api-v2 1.0.39+4ebb5c083e
	- fabric-client-gametest-api-v1 4.3.5+bfe9fcf43e
	- fabric-command-api-v2 2.4.7+6b42a6003e
	- fabric-content-registries-v0 10.2.14+4fc5413f3e
	- fabric-convention-tags-v1 2.1.55+7f945d5b3e
	- fabric-convention-tags-v2 2.17.3+8ef948ba3e
	- fabric-crash-report-info-v1 0.3.23+4ebb5c083e
	- fabric-data-attachment-api-v1 1.8.48+eed0806f3e
	- fabric-data-generation-api-v1 23.4.1+69974c4e3e
	- fabric-dimensions-v1 4.0.28+4fc5413f3e
	- fabric-entity-events-v1 3.1.1+1d0ab4303e
	- fabric-events-interaction-v0 4.1.1+3b89ecf63e
	- fabric-game-rule-api-v1 2.0.3+4fc5413f3e
	- fabric-gametest-api-v1 3.1.27+4fc5413f3e
	- fabric-item-api-v1 11.5.20+d0c46b9e3e
	- fabric-item-group-api-v1 4.2.36+4fc5413f3e
	- fabric-key-binding-api-v1 1.1.7+4fc5413f3e
	- fabric-lifecycle-events-v1 2.6.15+4ebb5c083e
	- fabric-loot-api-v2 3.0.73+3f89f5a53e
	- fabric-loot-api-v3 2.0.20+78c8b4663e
	- fabric-message-api-v1 6.1.12+4ebb5c083e
	- fabric-model-loading-api-v1 6.0.15+4fc5413f3e
	- fabric-networking-api-v1 5.1.6+6b6d71a53e
	- fabric-object-builder-api-v1 21.1.40+4fc5413f3e
	- fabric-particles-v1 4.2.12+4fc5413f3e
	- fabric-recipe-api-v1 8.2.4+4ebb5c083e
	- fabric-registry-sync-v0 6.2.6+1718722b3e
	- fabric-renderer-api-v1 8.0.3+f4ffd2e53e
	- fabric-renderer-indigo 5.0.3+f4ffd2e53e
	- fabric-rendering-fluids-v1 3.1.43+4ebb5c083e
	- fabric-rendering-v1 16.2.10+0290ad933e
	- fabric-resource-conditions-api-v1 5.0.35+4fc5413f3e
	- fabric-resource-loader-v0 3.3.4+4fc5413f3e
	- fabric-resource-loader-v1 1.0.10+78c8b4663e
	- fabric-screen-api-v1 3.1.7+4ebb5c083e
	- fabric-screen-handler-api-v1 1.3.162+4fc5413f3e
	- fabric-serialization-api-v1 1.0.5+4ebb5c083e
	- fabric-sound-api-v1 1.0.51+4fc5413f3e
	- fabric-tag-api-v1 1.2.20+4fc5413f3e
	- fabric-transfer-api-v1 6.0.25+4fc5413f3e
	- fabric-transitive-access-wideners-v1 7.1.0+014c8cec3e
	- fabricloader 0.17.3
	- java 21
	- minecraft 1.21.11
	- mixinextras 0.5.0
	- privatedimension 1.0.0
[20:52:53] [main/INFO] (FabricLoader/Mixin) SpongePowered MIXIN Subsystem Version=0.8.7 Source=file:/C:/Users/owner/.gradle/caches/modules-2/files-2.1/net.fabricmc/sponge-mixin/0.16.5+mixin.0.8.7/80fc3a9f592673cea87f4cd702f87991c6c9fe4d/sponge-mixin-0.16.5+mixin.0.8.7.jar Service=Knot/Fabric Env=CLIENT
[20:52:53] [main/INFO] (FabricLoader/Mixin) Loaded Fabric development mappings for mixin remapper!
[20:52:53] [main/INFO] (FabricLoader/Mixin) Compatibility level set to JAVA_21
[20:52:56] [main/INFO] (FabricLoader/MixinExtras|Service) Initializing MixinExtras via com.llamalad7.mixinextras.service.MixinExtrasServiceImpl(version=0.5.0).
[20:52:59] [Datafixer Bootstrap/INFO] (Minecraft) 287 Datafixer optimizations took 1336 milliseconds
[20:53:12] [Render thread/INFO] (Minecraft) Environment: Environment[sessionHost=https://sessionserver.mojang.com, servicesHost=https://api.minecraftservices.com, profilesHost=https://api.mojang.com, name=PROD]
[20:53:12] [Render thread/INFO] (Minecraft) Setting user: Player543
[20:53:13] [Render thread/INFO] (Minecraft) [STDOUT]: [PD] onInitialize開始
[20:53:13] [Render thread/INFO] (privatedimension) アイテム登録開始
[20:53:13] [Render thread/INFO] (privatedimension) アイテム登録完了: privatedimension:dimension_bottle
[20:53:13] [Render thread/INFO] (privatedimension) PrivateDimension Mod が有効化されました！
[20:53:13] [Render thread/INFO] (privatedimension) PrivateDimension (Fabric) 初期化完了
[20:53:13] [Download-2/ERROR] (Minecraft) Failed to fetch user properties
com.mojang.authlib.exceptions.InvalidCredentialsException: Status: 401
	at knot//com.mojang.authlib.exceptions.MinecraftClientHttpException.toAuthenticationException(MinecraftClientHttpException.java:59)
	at knot//com.mojang.authlib.yggdrasil.YggdrasilUserApiService.fetchProperties(YggdrasilUserApiService.java:150)
	at knot//net.minecraft.client.Minecraft.method_55608(Minecraft.java:457)
	at java.base/java.util.concurrent.CompletableFuture$AsyncSupply.run(CompletableFuture.java:1768)
	at java.base/java.util.concurrent.ThreadPoolExecutor.runWorker(ThreadPoolExecutor.java:1144)
	at java.base/java.util.concurrent.ThreadPoolExecutor$Worker.run(ThreadPoolExecutor.java:642)
	at java.base/java.lang.Thread.run(Thread.java:1583)
Caused by: com.mojang.authlib.exceptions.MinecraftClientHttpException: Status: 401
	at knot//com.mojang.authlib.minecraft.client.MinecraftClient.readInputStream(MinecraftClient.java:103)
	at knot//com.mojang.authlib.minecraft.client.MinecraftClient.get(MinecraftClient.java:56)
	at knot//com.mojang.authlib.yggdrasil.YggdrasilUserApiService.fetchProperties(YggdrasilUserApiService.java:121)
	... 5 more
[20:53:13] [Render thread/INFO] (Indigo) [Indigo] Registering Indigo renderer!
[20:53:14] [Render thread/ERROR] (Minecraft) Couldn't load privatedimension pack metadata: Pack version declaration mismatch between supported_formats (up to 74) and max_format (999.*)
[20:53:14] [Render thread/INFO] (Minecraft) Backend library: LWJGL version 3.3.3-snapshot
[20:53:15] [Render thread/INFO] (Minecraft) Using optional rendering extensions: GL_ARB_buffer_storage, GL_KHR_debug, GL_ARB_vertex_attrib_binding, GL_ARB_direct_state_access, GL_EXT_texture_filter_anisotropic
[20:53:15] [Render thread/ERROR] (Minecraft) Couldn't load privatedimension pack metadata: Pack version declaration mismatch between supported_formats (up to 74) and max_format (999.*)
[20:53:17] [Download-2/INFO] (Minecraft) Could not authorize you against Realms server: java.lang.RuntimeException: Failed to parse into SignedJWT: FabricMC
[20:53:17] [Download-2/ERROR] (Minecraft) Failed to fetch Realms feature flags
com.mojang.realmsclient.exception.RealmsServiceException: Realms authentication error with message 'java.lang.RuntimeException: Failed to parse into SignedJWT: FabricMC'
	at knot//com.mojang.realmsclient.client.RealmsClient.execute(RealmsClient.java:526)
	at knot//com.mojang.realmsclient.client.RealmsClient.fetchFeatureFlags(RealmsClient.java:186)
	at java.base/java.util.concurrent.CompletableFuture$AsyncSupply.run(CompletableFuture.java:1768)
	at java.base/java.util.concurrent.ThreadPoolExecutor.runWorker(ThreadPoolExecutor.java:1144)
	at java.base/java.util.concurrent.ThreadPoolExecutor$Worker.run(ThreadPoolExecutor.java:642)
	at java.base/java.lang.Thread.run(Thread.java:1583)
[20:53:17] [Render thread/INFO] (Minecraft) Reloading ResourceManager: vanilla, fabric-api, fabric-api-base, fabric-api-lookup-api-v1, fabric-biome-api-v1, fabric-block-api-v1, fabric-block-view-api-v2, fabric-client-gametest-api-v1, fabric-command-api-v2, fabric-content-registries-v0, fabric-convention-tags-v1, fabric-convention-tags-v2, fabric-crash-report-info-v1, fabric-data-attachment-api-v1, fabric-data-generation-api-v1, fabric-dimensions-v1, fabric-entity-events-v1, fabric-events-interaction-v0, fabric-game-rule-api-v1, fabric-gametest-api-v1, fabric-item-api-v1, fabric-item-group-api-v1, fabric-key-binding-api-v1, fabric-lifecycle-events-v1, fabric-loot-api-v2, fabric-loot-api-v3, fabric-message-api-v1, fabric-model-loading-api-v1, fabric-networking-api-v1, fabric-object-builder-api-v1, fabric-particles-v1, fabric-recipe-api-v1, fabric-registry-sync-v0, fabric-renderer-api-v1, fabric-renderer-indigo, fabric-rendering-fluids-v1, fabric-rendering-v1, fabric-resource-conditions-api-v1, fabric-resource-loader-v0, fabric-resource-loader-v1, fabric-screen-api-v1, fabric-screen-handler-api-v1, fabric-serialization-api-v1, fabric-sound-api-v1, fabric-tag-api-v1, fabric-transfer-api-v1, fabric-transitive-access-wideners-v1, fabricloader, privatedimension
[20:53:17] [Worker-Main-10/INFO] (Minecraft) Found unifont_all_no_pua-17.0.01.hex, loading
[20:53:17] [Worker-Main-8/INFO] (Minecraft) Found unifont_pua-17.0.01.hex, loading
[20:53:18] [Worker-Main-2/INFO] (Minecraft) Found unifont_jp_patch-17.0.01.hex, loading
[20:53:20] [Render thread/INFO] (Minecraft) OpenAL initialized on device OpenAL Soft on スピーカー (Realtek High Definition Audio)
[20:53:20] [Render thread/INFO] (Minecraft) Sound engine started
[20:53:20] [Render thread/INFO] (Minecraft) Created: 512x256x0 minecraft:textures/atlas/particles.png-atlas
[20:53:20] [Render thread/INFO] (Minecraft) Created: 128x128x0 minecraft:textures/atlas/decorated_pot.png-atlas
[20:53:20] [Render thread/INFO] (Minecraft) Created: 2048x1024x0 minecraft:textures/atlas/armor_trims.png-atlas
[20:53:20] [Render thread/INFO] (Minecraft) Created: 512x256x0 minecraft:textures/atlas/paintings.png-atlas
[20:53:20] [Render thread/INFO] (Minecraft) Created: 1024x512x0 minecraft:textures/atlas/shield_patterns.png-atlas
[20:53:20] [Render thread/INFO] (Minecraft) Created: 2048x2048x4 minecraft:textures/atlas/blocks.png-atlas
[20:53:21] [Render thread/INFO] (Minecraft) Created: 512x512x0 minecraft:textures/atlas/chest.png-atlas
[20:53:21] [Render thread/INFO] (Minecraft) Created: 256x128x0 minecraft:textures/atlas/celestials.png-atlas
[20:53:21] [Render thread/INFO] (Minecraft) Created: 1024x512x0 minecraft:textures/atlas/banner_patterns.png-atlas
[20:53:21] [Render thread/INFO] (Minecraft) Created: 512x512x0 minecraft:textures/atlas/beds.png-atlas
[20:53:21] [Render thread/INFO] (Minecraft) Created: 1024x512x0 minecraft:textures/atlas/items.png-atlas
[20:53:21] [Render thread/INFO] (Minecraft) Created: 1024x1024x0 minecraft:textures/atlas/gui.png-atlas
[20:53:21] [Render thread/INFO] (Minecraft) Created: 128x64x0 minecraft:textures/atlas/map_decorations.png-atlas
[20:53:21] [Render thread/INFO] (Minecraft) Created: 512x256x0 minecraft:textures/atlas/signs.png-atlas
[20:53:21] [Render thread/INFO] (Minecraft) Created: 512x512x0 minecraft:textures/atlas/shulker_boxes.png-atlas
[20:53:28] [IO-Worker-1/INFO] (Minecraft) Could not authorize you against Realms server: java.lang.RuntimeException: Failed to parse into SignedJWT: FabricMC
[20:53:28] [IO-Worker-1/ERROR] (Minecraft) Couldn't connect to realms
com.mojang.realmsclient.exception.RealmsServiceException: Realms authentication error with message 'java.lang.RuntimeException: Failed to parse into SignedJWT: FabricMC'
	at knot//com.mojang.realmsclient.client.RealmsClient.execute(RealmsClient.java:526)
	at knot//com.mojang.realmsclient.client.RealmsClient.clientCompatible(RealmsClient.java:307)
	at knot//com.mojang.realmsclient.RealmsAvailability.method_52627(RealmsAvailability.java:48)
	at java.base/java.util.concurrent.CompletableFuture$AsyncSupply.run(CompletableFuture.java:1768)
	at java.base/java.util.concurrent.ThreadPoolExecutor.runWorker(ThreadPoolExecutor.java:1144)
	at java.base/java.util.concurrent.ThreadPoolExecutor$Worker.run(ThreadPoolExecutor.java:642)
	at java.base/java.lang.Thread.run(Thread.java:1583)
[20:53:30] [Render thread/ERROR] (Minecraft) Couldn't load privatedimension pack metadata: Pack version declaration mismatch between supported_formats (up to 74) and max_format (999.*)
[20:53:30] [Render thread/ERROR] (Minecraft) Couldn't load privatedimension pack metadata: Pack version declaration mismatch between supported_formats (up to 74) and max_format (999.*)
[20:53:32] [Render thread/INFO] (Minecraft) Loaded 1471 recipes
[20:53:32] [Render thread/INFO] (Minecraft) Loaded 1585 advancements
[20:53:38] [Render thread/ERROR] (Minecraft) Couldn't load privatedimension pack metadata: Pack version declaration mismatch between supported_formats (up to 74) and max_format (999.*)
[20:53:39] [Render thread/INFO] (BiomeModificationImpl) Applied 0 biome modifications to 0 of 65 new biomes in 2.403 ms
[20:53:39] [Server thread/INFO] (Minecraft) Starting integrated minecraft server version 1.21.11
[20:53:39] [Server thread/INFO] (Minecraft) Generating keypair
[20:53:39] [Server thread/INFO] (Minecraft) Selecting global world spawn...
[20:53:43] [Server thread/INFO] (Minecraft) Loading 0 persistent chunks...
[20:53:43] [Server thread/INFO] (Minecraft) Preparing spawn area: 16%
[20:53:43] [Server thread/INFO] (privatedimension) プライベート次元ワールドを確認しました: privatedimension:private_dimension
[20:53:44] [Render thread/ERROR] (Minecraft) Couldn't load privatedimension pack metadata: Pack version declaration mismatch between supported_formats (up to 74) and max_format (999.*)
[20:53:45] [Server thread/INFO] (Minecraft) Loading 47 chunks for player spawn...
[20:53:45] [Server thread/INFO] (Minecraft) Preparing spawn area: 16%
[20:53:45] [Server thread/INFO] (Minecraft) Preparing spawn area: 16%
[20:53:45] [Server thread/INFO] (Minecraft) Preparing spawn area: 16%
[20:53:45] [Server thread/INFO] (Minecraft) Preparing spawn area: 16%
[20:53:46] [Server thread/INFO] (Minecraft) Preparing spawn area: 16%
[20:53:46] [Server thread/INFO] (Minecraft) Preparing spawn area: 16%
[20:53:46] [Server thread/INFO] (Minecraft) Preparing spawn area: 16%
[20:53:46] [Server thread/INFO] (Minecraft) Preparing spawn area: 16%
[20:53:46] [Server thread/INFO] (Minecraft) Preparing spawn area: 16%
[20:53:46] [Server thread/INFO] (Minecraft) Preparing spawn area: 16%
[20:53:46] [Server thread/INFO] (Minecraft) Preparing spawn area: 16%
[20:53:46] [Server thread/INFO] (Minecraft) Preparing spawn area: 16%
[20:53:46] [Server thread/INFO] (Minecraft) Preparing spawn area: 16%
[20:53:46] [Server thread/INFO] (Minecraft) Preparing spawn area: 29%
[20:53:47] [Server thread/INFO] (Minecraft) Preparing spawn area: 29%
[20:53:47] [Server thread/INFO] (Minecraft) Preparing spawn area: 57%
[20:53:48] [Server thread/INFO] (Minecraft) Preparing spawn area: 57%
[20:53:48] [Server thread/INFO] (Minecraft) Time elapsed: 8906 ms
[20:53:49] [Server thread/INFO] (Minecraft) Player543[local:E:660f3959] logged in with entity id 5 at (-273.5, 67.0, 255.5)
[20:53:49] [Server thread/INFO] (Minecraft) Player543 joined the game
[20:53:49] [Server thread/INFO] (Minecraft) Changing view distance to 16, from 10
[20:53:49] [Server thread/INFO] (Minecraft) Changing simulation distance to 12, from 0
[20:53:49] [Render thread/INFO] (Minecraft) Loaded 3 advancements
[20:53:49] [Render thread/INFO] (Minecraft) Resizing Dynamic Transforms UBO, capacity limit of 2 reached during a single frame. New capacity will be 4.
[20:53:49] [Render thread/INFO] (Minecraft) Resizing Dynamic Transforms UBO, capacity limit of 4 reached during a single frame. New capacity will be 8.
[20:53:49] [Render thread/INFO] (Minecraft) Resizing Dynamic Transforms UBO, capacity limit of 8 reached during a single frame. New capacity will be 16.
[20:53:50] [Render thread/INFO] (Minecraft) Resizing Chunk Sections UBO, capacity limit of 2 reached during a single frame. New capacity will be 4.
[20:53:50] [Render thread/INFO] (Minecraft) Resizing Chunk Sections UBO, capacity limit of 4 reached during a single frame. New capacity will be 8.
[20:53:50] [Render thread/INFO] (Minecraft) Resizing Chunk Sections UBO, capacity limit of 8 reached during a single frame. New capacity will be 16.
[20:53:50] [Render thread/INFO] (Minecraft) Resizing Chunk Sections UBO, capacity limit of 16 reached during a single frame. New capacity will be 32.
[20:53:51] [Render thread/INFO] (Minecraft) Resizing Chunk Sections UBO, capacity limit of 32 reached during a single frame. New capacity will be 64.
[20:53:53] [Render thread/INFO] (Minecraft) Resizing Chunk Sections UBO, capacity limit of 64 reached during a single frame. New capacity will be 128.
[20:53:56] [Render thread/INFO] (Minecraft) Resizing Chunk Sections UBO, capacity limit of 128 reached during a single frame. New capacity will be 256.
[20:54:02] [Render thread/INFO] (Minecraft) Loaded 6 advancements
[20:54:03] [Render thread/INFO] (Minecraft) Resizing Chunk Sections UBO, capacity limit of 256 reached during a single frame. New capacity will be 512.
[20:54:04] [Server thread/INFO] (Minecraft) Player543 has made the advancement [Diamonds!]
[20:54:04] [Render thread/INFO] (Minecraft) [System] [CHAT] Player543 has made the advancement [Diamonds!]
[20:54:04] [Render thread/INFO] (Minecraft) Loaded 23 advancements
[20:54:08] [Render thread/INFO] (Minecraft) Loaded 25 advancements
[20:54:12] [Render thread/INFO] (Minecraft) Loaded 43 advancements
[20:54:16] [Render thread/INFO] (Minecraft) Resizing Chunk Sections UBO, capacity limit of 512 reached during a single frame. New capacity will be 1024.
[20:54:32] [Render thread/INFO] (Minecraft) Loaded 44 advancements
[20:54:36] [Server thread/INFO] (Minecraft) Saving and pausing game...
[20:54:36] [Server thread/INFO] (Minecraft) Saving chunks for level 'ServerLevel[New World]'/minecraft:overworld
[20:54:36] [Server thread/INFO] (Minecraft) Saving chunks for level 'ServerLevel[New World]'/minecraft:the_end
[20:54:36] [Server thread/INFO] (Minecraft) Saving chunks for level 'ServerLevel[New World]'/minecraft:the_nether
[20:54:36] [Server thread/INFO] (Minecraft) Saving chunks for level 'ServerLevel[New World]'/privatedimension:private_dimension
[20:54:42] [Render thread/INFO] (privatedimension) ItemEvents.USE fired: isClientSide=true
[20:54:42] [Server thread/INFO] (privatedimension) ItemEvents.USE fired: isClientSide=false
[20:54:42] [Server thread/INFO] (privatedimension) plot48x48.nbt を展開しました。
[20:54:43] [Server thread/INFO] (privatedimension) NbtStructurePlacer: 110592ブロック配置完了 at BlockPos{x=-24, y=63, z=-24}
[20:54:43] [Server thread/INFO] (privatedimension) 構造物配置完了: BlockPos{x=-24, y=63, z=-24} placed=true
[20:54:54] [Render thread/INFO] (privatedimension) ItemEvents.USE fired: isClientSide=true
[20:54:54] [Server thread/INFO] (privatedimension) ItemEvents.USE fired: isClientSide=false
[20:54:54] [Server thread/INFO] (privatedimension) TeleportTransition API: class=net.minecraft.world.level.portal.TeleportTransition, ctor=6params, method=teleport
[20:55:02] [Render thread/INFO] (privatedimension) ItemEvents.USE fired: isClientSide=true
[20:55:02] [Server thread/INFO] (privatedimension) ItemEvents.USE fired: isClientSide=false
[20:55:04] [Render thread/INFO] (privatedimension) ItemEvents.USE fired: isClientSide=true
[20:55:04] [Server thread/INFO] (privatedimension) ItemEvents.USE fired: isClientSide=false
[20:55:30] [Render thread/INFO] (Minecraft) Loaded 62 advancements
[20:55:31] [Render thread/INFO] (Minecraft) Loaded 73 advancements
[20:55:36] [Render thread/INFO] (Minecraft) [System] [CHAT] [Debug]: Advanced tooltips: shown
[20:55:39] [Server thread/INFO] (Minecraft) [Player543: Set own game mode to Spectator Mode]
[20:55:39] [Render thread/INFO] (Minecraft) [System] [CHAT] Set own game mode to Spectator Mode
[20:55:39] [Server thread/INFO] (Minecraft) [Player543: Set own game mode to Creative Mode]
[20:55:39] [Render thread/INFO] (Minecraft) [System] [CHAT] Set own game mode to Creative Mode
[20:55:52] [Render thread/INFO] (Minecraft) [System] [CHAT] [Debug]: Chunk borders: shown
[20:55:54] [Render thread/INFO] (Minecraft) [System] [CHAT] [Debug]: Chunk borders: hidden
[20:55:56] [Render thread/INFO] (Minecraft) [System] [CHAT] [Debug]: Reloaded resource packs
[20:55:56] [Render thread/ERROR] (Minecraft) Couldn't load privatedimension pack metadata: Pack version declaration mismatch between supported_formats (up to 74) and max_format (999.*)
[20:55:56] [Render thread/INFO] (Minecraft) Reloading ResourceManager: vanilla, fabric-api, fabric-api-base, fabric-api-lookup-api-v1, fabric-biome-api-v1, fabric-block-api-v1, fabric-block-view-api-v2, fabric-client-gametest-api-v1, fabric-command-api-v2, fabric-content-registries-v0, fabric-convention-tags-v1, fabric-convention-tags-v2, fabric-crash-report-info-v1, fabric-data-attachment-api-v1, fabric-data-generation-api-v1, fabric-dimensions-v1, fabric-entity-events-v1, fabric-events-interaction-v0, fabric-game-rule-api-v1, fabric-gametest-api-v1, fabric-item-api-v1, fabric-item-group-api-v1, fabric-key-binding-api-v1, fabric-lifecycle-events-v1, fabric-loot-api-v2, fabric-loot-api-v3, fabric-message-api-v1, fabric-model-loading-api-v1, fabric-networking-api-v1, fabric-object-builder-api-v1, fabric-particles-v1, fabric-recipe-api-v1, fabric-registry-sync-v0, fabric-renderer-api-v1, fabric-renderer-indigo, fabric-rendering-fluids-v1, fabric-rendering-v1, fabric-resource-conditions-api-v1, fabric-resource-loader-v0, fabric-resource-loader-v1, fabric-screen-api-v1, fabric-screen-handler-api-v1, fabric-serialization-api-v1, fabric-sound-api-v1, fabric-tag-api-v1, fabric-transfer-api-v1, fabric-transitive-access-wideners-v1, fabricloader, privatedimension
[20:55:56] [Server thread/INFO] (Minecraft) Saving and pausing game...
[20:55:56] [Server thread/INFO] (Minecraft) Saving chunks for level 'ServerLevel[New World]'/minecraft:overworld
[20:55:56] [Server thread/INFO] (Minecraft) Saving chunks for level 'ServerLevel[New World]'/minecraft:the_end
[20:55:56] [Server thread/INFO] (Minecraft) Saving chunks for level 'ServerLevel[New World]'/minecraft:the_nether
[20:55:56] [Server thread/INFO] (Minecraft) Saving chunks for level 'ServerLevel[New World]'/privatedimension:private_dimension
[20:55:56] [Render thread/INFO] (Minecraft) [System] [CHAT] [Debug]: Reloaded resource packs
[20:55:56] [Worker-Main-5/INFO] (Minecraft) Found unifont_all_no_pua-17.0.01.hex, loading
[20:55:56] [Worker-Main-3/INFO] (Minecraft) Found unifont_pua-17.0.01.hex, loading
[20:55:56] [Worker-Main-7/INFO] (Minecraft) Found unifont_jp_patch-17.0.01.hex, loading
[20:55:58] [Render thread/INFO] (Minecraft) OpenAL initialized on device OpenAL Soft on スピーカー (Realtek High Definition Audio)
[20:55:58] [Render thread/INFO] (Minecraft) Sound engine started
[20:55:58] [Render thread/INFO] (Minecraft) Created: 512x256x0 minecraft:textures/atlas/particles.png-atlas
[20:55:58] [Render thread/INFO] (Minecraft) Created: 128x128x0 minecraft:textures/atlas/decorated_pot.png-atlas
[20:55:58] [Render thread/INFO] (Minecraft) Created: 2048x1024x0 minecraft:textures/atlas/armor_trims.png-atlas
[20:55:58] [Render thread/INFO] (Minecraft) Created: 512x256x0 minecraft:textures/atlas/paintings.png-atlas
[20:55:58] [Render thread/INFO] (Minecraft) Created: 1024x512x0 minecraft:textures/atlas/shield_patterns.png-atlas
[20:55:58] [Render thread/INFO] (Minecraft) Created: 2048x2048x4 minecraft:textures/atlas/blocks.png-atlas
[20:55:58] [Render thread/INFO] (Minecraft) Created: 512x512x0 minecraft:textures/atlas/chest.png-atlas
[20:55:58] [Render thread/INFO] (Minecraft) Created: 256x128x0 minecraft:textures/atlas/celestials.png-atlas
[20:55:58] [Render thread/INFO] (Minecraft) Created: 1024x512x0 minecraft:textures/atlas/banner_patterns.png-atlas
[20:55:58] [Render thread/INFO] (Minecraft) Created: 512x512x0 minecraft:textures/atlas/beds.png-atlas
[20:55:58] [Render thread/INFO] (Minecraft) Created: 1024x512x0 minecraft:textures/atlas/items.png-atlas
[20:55:58] [Render thread/INFO] (Minecraft) Created: 1024x1024x0 minecraft:textures/atlas/gui.png-atlas
[20:55:58] [Render thread/INFO] (Minecraft) Created: 128x64x0 minecraft:textures/atlas/map_decorations.png-atlas
[20:55:58] [Render thread/INFO] (Minecraft) Created: 512x256x0 minecraft:textures/atlas/signs.png-atlas
[20:55:58] [Render thread/INFO] (Minecraft) Created: 512x512x0 minecraft:textures/atlas/shulker_boxes.png-atlas
[20:56:00] [Render thread/ERROR] (Minecraft) Couldn't load privatedimension pack metadata: Pack version declaration mismatch between supported_formats (up to 74) and max_format (999.*)
[20:56:00] [Render thread/INFO] (Minecraft) Reloading ResourceManager: vanilla, fabric-api, fabric-api-base, fabric-api-lookup-api-v1, fabric-biome-api-v1, fabric-block-api-v1, fabric-block-view-api-v2, fabric-client-gametest-api-v1, fabric-command-api-v2, fabric-content-registries-v0, fabric-convention-tags-v1, fabric-convention-tags-v2, fabric-crash-report-info-v1, fabric-data-attachment-api-v1, fabric-data-generation-api-v1, fabric-dimensions-v1, fabric-entity-events-v1, fabric-events-interaction-v0, fabric-game-rule-api-v1, fabric-gametest-api-v1, fabric-item-api-v1, fabric-item-group-api-v1, fabric-key-binding-api-v1, fabric-lifecycle-events-v1, fabric-loot-api-v2, fabric-loot-api-v3, fabric-message-api-v1, fabric-model-loading-api-v1, fabric-networking-api-v1, fabric-object-builder-api-v1, fabric-particles-v1, fabric-recipe-api-v1, fabric-registry-sync-v0, fabric-renderer-api-v1, fabric-renderer-indigo, fabric-rendering-fluids-v1, fabric-rendering-v1, fabric-resource-conditions-api-v1, fabric-resource-loader-v0, fabric-resource-loader-v1, fabric-screen-api-v1, fabric-screen-handler-api-v1, fabric-serialization-api-v1, fabric-sound-api-v1, fabric-tag-api-v1, fabric-transfer-api-v1, fabric-transitive-access-wideners-v1, fabricloader, privatedimension
[20:56:00] [Server thread/INFO] (Minecraft) Saving and pausing game...
[20:56:00] [Server thread/INFO] (Minecraft) Saving chunks for level 'ServerLevel[New World]'/minecraft:overworld
[20:56:00] [Server thread/INFO] (Minecraft) Saving chunks for level 'ServerLevel[New World]'/minecraft:the_end
[20:56:00] [Server thread/INFO] (Minecraft) Saving chunks for level 'ServerLevel[New World]'/minecraft:the_nether
[20:56:00] [Server thread/INFO] (Minecraft) Saving chunks for level 'ServerLevel[New World]'/privatedimension:private_dimension
[20:56:00] [Worker-Main-5/INFO] (Minecraft) Found unifont_all_no_pua-17.0.01.hex, loading
[20:56:00] [Worker-Main-2/INFO] (Minecraft) Found unifont_pua-17.0.01.hex, loading
[20:56:01] [Worker-Main-7/INFO] (Minecraft) Found unifont_jp_patch-17.0.01.hex, loading
[20:56:01] [Render thread/INFO] (Minecraft) OpenAL initialized on device OpenAL Soft on スピーカー (Realtek High Definition Audio)
[20:56:01] [Render thread/INFO] (Minecraft) Sound engine started
[20:56:01] [Render thread/INFO] (Minecraft) Created: 512x256x0 minecraft:textures/atlas/particles.png-atlas
[20:56:01] [Render thread/INFO] (Minecraft) Created: 128x128x0 minecraft:textures/atlas/decorated_pot.png-atlas
[20:56:01] [Render thread/INFO] (Minecraft) Created: 2048x1024x0 minecraft:textures/atlas/armor_trims.png-atlas
[20:56:01] [Render thread/INFO] (Minecraft) Created: 512x256x0 minecraft:textures/atlas/paintings.png-atlas
[20:56:01] [Render thread/INFO] (Minecraft) Created: 1024x512x0 minecraft:textures/atlas/shield_patterns.png-atlas
[20:56:01] [Render thread/INFO] (Minecraft) Created: 2048x2048x4 minecraft:textures/atlas/blocks.png-atlas
[20:56:01] [Render thread/INFO] (Minecraft) Created: 512x512x0 minecraft:textures/atlas/chest.png-atlas
[20:56:01] [Render thread/INFO] (Minecraft) Created: 256x128x0 minecraft:textures/atlas/celestials.png-atlas
[20:56:01] [Render thread/INFO] (Minecraft) Created: 1024x512x0 minecraft:textures/atlas/banner_patterns.png-atlas
[20:56:01] [Render thread/INFO] (Minecraft) Created: 512x512x0 minecraft:textures/atlas/beds.png-atlas
[20:56:01] [Render thread/INFO] (Minecraft) Created: 1024x512x0 minecraft:textures/atlas/items.png-atlas
[20:56:01] [Render thread/INFO] (Minecraft) Created: 1024x1024x0 minecraft:textures/atlas/gui.png-atlas
[20:56:02] [Render thread/INFO] (Minecraft) Created: 128x64x0 minecraft:textures/atlas/map_decorations.png-atlas
[20:56:02] [Render thread/INFO] (Minecraft) Created: 512x256x0 minecraft:textures/atlas/signs.png-atlas
[20:56:02] [Render thread/INFO] (Minecraft) Created: 512x512x0 minecraft:textures/atlas/shulker_boxes.png-atlas
[20:56:17] [Render thread/INFO] (Minecraft) Loaded 74 advancements
[20:56:39] [Server thread/INFO] (Minecraft) Saving and pausing game...
[20:56:39] [Server thread/INFO] (Minecraft) Saving chunks for level 'ServerLevel[New World]'/minecraft:overworld
[20:56:39] [Server thread/INFO] (Minecraft) Saving chunks for level 'ServerLevel[New World]'/minecraft:the_end
[20:56:39] [Server thread/INFO] (Minecraft) Saving chunks for level 'ServerLevel[New World]'/minecraft:the_nether
[20:56:39] [Server thread/INFO] (Minecraft) Saving chunks for level 'ServerLevel[New World]'/privatedimension:private_dimension
[20:57:07] [Server thread/INFO] (Minecraft) Saving and pausing game...
[20:57:07] [Server thread/INFO] (Minecraft) Saving chunks for level 'ServerLevel[New World]'/minecraft:overworld
[20:57:07] [Server thread/INFO] (Minecraft) Saving chunks for level 'ServerLevel[New World]'/minecraft:the_end
[20:57:07] [Server thread/INFO] (Minecraft) Saving chunks for level 'ServerLevel[New World]'/minecraft:the_nether
[20:57:07] [Server thread/INFO] (Minecraft) Saving chunks for level 'ServerLevel[New World]'/privatedimension:private_dimension
[20:57:32] [Render thread/INFO] (Minecraft) [System] [CHAT] [Debug]: Copied location to clipboard
[20:57:37] [Render thread/INFO] (Minecraft) Resizing Dynamic Transforms UBO, capacity limit of 16 reached during a single frame. New capacity will be 32.
[20:57:54] [Render thread/INFO] (Minecraft) [System] [CHAT] [Debug]: Hitboxes: shown
[20:58:06] [Render thread/WARN] (Minecraft) Unable to play empty soundEvent: minecraft:entity.cod.ambient
[20:58:08] [Render thread/INFO] (privatedimension) ItemEvents.USE fired: isClientSide=true
[20:58:08] [Server thread/INFO] (privatedimension) ItemEvents.USE fired: isClientSide=false
[20:58:15] [Render thread/INFO] (privatedimension) ItemEvents.USE fired: isClientSide=true
[20:58:15] [Server thread/INFO] (privatedimension) ItemEvents.USE fired: isClientSide=false
[20:58:18] [Render thread/INFO] (privatedimension) ItemEvents.USE fired: isClientSide=true
[20:58:18] [Server thread/INFO] (privatedimension) ItemEvents.USE fired: isClientSide=false
[20:58:21] [Server thread/INFO] (Minecraft) Saving and pausing game...
[20:58:21] [Server thread/INFO] (Minecraft) Saving chunks for level 'ServerLevel[New World]'/minecraft:overworld
[20:58:21] [Server thread/INFO] (Minecraft) Saving chunks for level 'ServerLevel[New World]'/minecraft:the_end
[20:58:21] [Server thread/INFO] (Minecraft) Saving chunks for level 'ServerLevel[New World]'/minecraft:the_nether
[20:58:21] [Server thread/INFO] (Minecraft) Saving chunks for level 'ServerLevel[New World]'/privatedimension:private_dimension
[20:58:22] [Server thread/INFO] (Minecraft) Player543 lost connection: Disconnected
[20:58:22] [Server thread/INFO] (Minecraft) Player543 left the game
[20:58:22] [Server thread/INFO] (Minecraft) Stopping singleplayer server as player logged out
[20:58:22] [Server thread/INFO] (Minecraft) Stopping server
[20:58:22] [Server thread/INFO] (Minecraft) Saving players
[20:58:22] [Server thread/INFO] (Minecraft) Saving worlds
[20:58:22] [Server thread/INFO] (Minecraft) Saving chunks for level 'ServerLevel[New World]'/minecraft:overworld
[20:58:22] [Server thread/INFO] (Minecraft) Saving chunks for level 'ServerLevel[New World]'/minecraft:the_end
[20:58:22] [Server thread/INFO] (Minecraft) Saving chunks for level 'ServerLevel[New World]'/minecraft:the_nether
[20:58:22] [Server thread/INFO] (Minecraft) Saving chunks for level 'ServerLevel[New World]'/privatedimension:private_dimension
[20:58:22] [Server thread/INFO] (Minecraft) ThreadedAnvilChunkStorage (New World): All chunks are saved
[20:58:22] [Server thread/INFO] (Minecraft) ThreadedAnvilChunkStorage (DIM1): All chunks are saved
[20:58:22] [Server thread/INFO] (Minecraft) ThreadedAnvilChunkStorage (DIM-1): All chunks are saved
[20:58:22] [Server thread/INFO] (Minecraft) ThreadedAnvilChunkStorage (private_dimension): All chunks are saved
[20:58:22] [Server thread/INFO] (Minecraft) ThreadedAnvilChunkStorage: All dimensions are saved
[20:58:23] [Render thread/INFO] (Minecraft) Stopping!
